ARM Linker, 4.1 [Build 894] [Standard]

==============================================================================

Section Cross References

    startup_lpc17xx.o(STACK) refers (Special) to heapauxi.o(.text) for __use_two_region_memory
    startup_lpc17xx.o(HEAP) refers (Special) to heapauxi.o(.text) for __use_two_region_memory
    startup_lpc17xx.o(RESET) refers (Special) to heapauxi.o(.text) for __use_two_region_memory
    startup_lpc17xx.o(RESET) refers to startup_lpc17xx.o(STACK) for __initial_sp
    startup_lpc17xx.o(RESET) refers to startup_lpc17xx.o(.text) for Reset_Handler
    startup_lpc17xx.o(RESET) refers to lpc1768_timer.o(.text) for TIMER0_IRQHandler
    startup_lpc17xx.o(RESET) refers to lpc1768_i2c.o(.text) for I2C0_IRQHandler
    startup_lpc17xx.o(RESET) refers to lpc1768_rtc.o(.text) for RTC_IRQHandler
    startup_lpc17xx.o(RESET) refers to key.o(.text) for EINT0_IRQHandler
    startup_lpc17xx.o(.ARM.__at_0x02FC) refers (Special) to heapauxi.o(.text) for __use_two_region_memory
    startup_lpc17xx.o(.text) refers (Special) to heapauxi.o(.text) for __use_two_region_memory
    startup_lpc17xx.o(.text) refers to system_lpc17xx.o(.text) for SystemInit
    startup_lpc17xx.o(.text) refers to __main.o(!!!main) for __main
    startup_lpc17xx.o(.text) refers to startup_lpc17xx.o(HEAP) for Heap_Mem
    startup_lpc17xx.o(.text) refers to startup_lpc17xx.o(STACK) for Stack_Mem
    always.o(.text) refers to lcd.o(.text) for LCD_DisplayString2
    always.o(.text) refers to strcmpv7m.o(.text) for strcmp
    always.o(.text) refers to lcd.o(.data) for TextColor
    always.o(.text) refers to main.o(.data) for DOCK
    date.o(.text) refers to _printf_pad.o(.text) for _printf_pre_padding
    date.o(.text) refers to _printf_percent.o(.ARM.Collect$$_printf_percent$$00000000) for _printf_percent
    date.o(.text) refers to _printf_d.o(.ARM.Collect$$_printf_percent$$00000009) for _printf_d
    date.o(.text) refers to _printf_dec.o(.text) for _printf_int_dec
    date.o(.text) refers to noretval__2sprintf.o(.text) for __2sprintf
    date.o(.text) refers to lcd.o(.text) for LCD_DisplayString2
    date.o(.text) refers to strcmpv7m.o(.text) for strcmp
    date.o(.text) refers to always.o(.text) for Always
    date.o(.text) refers to lpc1768_rtc.o(.text) for RTC_GetTime
    date.o(.text) refers to rt_memcpy_w.o(.text) for __aeabi_memcpy4
    date.o(.text) refers to home.o(.text) for Home
    date.o(.text) refers to time.o(.text) for Time
    date.o(.text) refers to date.o(.data) for DAY
    date.o(.text) refers to lcd.o(.data) for TextColor
    date.o(.text) refers to main.o(.data) for LOCATION
    date.o(.text) refers to 24lc02.o(.text) for E2PROM_WriteSeq
    home.o(.text) refers to _printf_pad.o(.text) for _printf_pre_padding
    home.o(.text) refers to _printf_percent.o(.ARM.Collect$$_printf_percent$$00000000) for _printf_percent
    home.o(.text) refers to _printf_d.o(.ARM.Collect$$_printf_percent$$00000009) for _printf_d
    home.o(.text) refers to _printf_dec.o(.text) for _printf_int_dec
    home.o(.text) refers to _scanf_int.o(.text) for _scanf_int
    home.o(.text) refers to strcmpv7m.o(.text) for strcmp
    home.o(.text) refers to noretval__2sprintf.o(.text) for __2sprintf
    home.o(.text) refers to lcd.o(.text) for LCD_DisplayString
    home.o(.text) refers to 24lc02.o(.text) for E2PROM_ReadSeq
    home.o(.text) refers to __0sscanf.o(.text) for __0sscanf
    home.o(.text) refers to rt_memcpy_w.o(.text) for __aeabi_memcpy4
    home.o(.text) refers to lpc1768_rtc.o(.text) for weekday
    home.o(.text) refers to always.o(.text) for Always
    home.o(.text) refers to date.o(.text) for Date
    home.o(.text) refers to main.o(.data) for LOCATION
    home.o(.text) refers to home.o(.data) for YEARS
    home.o(.text) refers to lcd.o(.data) for TextColor
    home.o(.text) refers to home.o(.constdata) for .constdata
    main.o(.text) refers to _printf_pad.o(.text) for _printf_pre_padding
    main.o(.text) refers to _printf_percent.o(.ARM.Collect$$_printf_percent$$00000000) for _printf_percent
    main.o(.text) refers to _printf_d.o(.ARM.Collect$$_printf_percent$$00000009) for _printf_d
    main.o(.text) refers to _printf_dec.o(.text) for _printf_int_dec
    main.o(.text) refers to lpc1768_timer.o(.text) for Timer_Init
    main.o(.text) refers to lpc1768_rtc.o(.text) for RTC_Init
    main.o(.text) refers to joystick.o(.text) for Joystick_Config
    main.o(.text) refers to lpc1768_i2c.o(.text) for I2C0_Init
    main.o(.text) refers to lcd.o(.text) for LCD_Init
    main.o(.text) refers to rt_memcpy_w.o(.text) for __aeabi_memcpy4
    main.o(.text) refers to home.o(.text) for Home
    main.o(.text) refers to strcmpv7m.o(.text) for strcmp
    main.o(.text) refers to noretval__2sprintf.o(.text) for __2sprintf
    main.o(.text) refers to date.o(.text) for Date
    main.o(.text) refers to time.o(.text) for Time
    main.o(.text) refers to more.o(.text) for More
[...]
    __printf_flags_ss.o(.text) refers to __printf_flags_ss.o(.constdata) for .constdata
    __printf_wp.o(.text) refers to __printf_wp.o(i._is_digit) for _is_digit
    __printf_wp.o(.text) refers to _printf_percent.o(.ARM.Collect$$_printf_percent$$00000000) for _printf_percent
    __printf_flags_wp.o(.text) refers to __printf_wp.o(i._is_digit) for _is_digit
    __printf_flags_wp.o(.text) refers to _printf_percent.o(.ARM.Collect$$_printf_percent$$00000000) for _printf_percent
    __printf_flags_wp.o(.text) refers to __printf_flags_wp.o(.constdata) for .constdata
    __printf_ss_wp.o(.text) refers to __printf_wp.o(i._is_digit) for _is_digit
    __printf_ss_wp.o(.text) refers to _printf_percent.o(.ARM.Collect$$_printf_percent$$00000000) for _printf_percent
    __printf_flags_ss_wp.o(.text) refers to __printf_wp.o(i._is_digit) for _is_digit
    __printf_flags_ss_wp.o(.text) refers to _printf_percent.o(.ARM.Collect$$_printf_percent$$00000000) for _printf_percent
    __printf_flags_ss_wp.o(.text) refers to __printf_flags_ss_wp.o(.constdata) for .constdata
    _printf_d.o(.ARM.Collect$$_printf_percent$$00000009) refers (Weak) to _printf_dec.o(.text) for _printf_int_dec
    _printf_percent.o(.ARM.Collect$$_printf_percent$$00000000) refers (Special) to _printf_percent_end.o(.ARM.Collect$$_printf_percent$$00000017) for _printf_percent_end
    __0sscanf.o(.text) refers to scanf_char.o(.text) for __vfscanf_char
    __0sscanf.o(.text) refers to _sgetc.o(.text) for _sgetc
    _scanf_int.o(.text) refers to _chval.o(.text) for _chval
    atoi.o(.text) refers to rt_errno_addr_intlibspace.o(.text) for __aeabi_errno_addr
    atoi.o(.text) refers to strtol.o(.text) for strtol
    strtok.o(.text) refers to strtok_int.o(.text) for __strtok_internal
    strtok.o(.text) refers to strtok.o(.data) for .data
    rt_memcpy_v6.o(.text) refers to rt_memcpy_w.o(.text) for __aeabi_memcpy4
    __main.o(!!!main) refers to rtentry.o(.ARM.Collect$$rtentry$$00000000) for __rt_entry
    rtentry.o(.ARM.Collect$$rtentry$$00000000) refers (Special) to rtentry2.o(.ARM.Collect$$rtentry$$0000000A) for __rt_entry_li
    rtentry.o(.ARM.Collect$$rtentry$$00000000) refers (Special) to rtentry2.o(.ARM.Collect$$rtentry$$0000000D) for __rt_entry_main
    rtentry.o(.ARM.Collect$$rtentry$$00000000) refers (Special) to rtentry2.o(.ARM.Collect$$rtentry$$0000000C) for __rt_entry_postli_1
    rtentry.o(.ARM.Collect$$rtentry$$00000000) refers (Special) to rtentry2.o(.ARM.Collect$$rtentry$$00000009) for __rt_entry_postsh_1
    rtentry.o(.ARM.Collect$$rtentry$$00000000) refers (Special) to rtentry2.o(.ARM.Collect$$rtentry$$00000002) for __rt_entry_presh_1
    rtentry.o(.ARM.Collect$$rtentry$$00000000) refers (Special) to rtentry4.o(.ARM.Collect$$rtentry$$00000004) for __rt_entry_sh
    aeabi_ldiv0_sigfpe.o(.text) refers to rt_div0.o(.text) for __rt_div0
    rt_errno_addr.o(.text) refers to rt_errno_addr.o(.bss) for __aeabi_errno_addr_data
    rt_errno_addr_intlibspace.o(.text) refers to libspace.o(.bss) for __libspace_start
    _printf_intcommon.o(.text) refers (Weak) to _printf_pad.o(.text) for _printf_pre_padding
    _printf_intcommon.o(.text) refers (Weak) to _printf_pad.o(.text) for _printf_pre_padding
    _printf_intcommon.o(.text) refers (Weak) to _printf_pad.o(.text) for _printf_post_padding
    _printf_char_common.o(.text) refers to __printf_flags_wp.o(.text) for __printf
    scanf_char.o(.text) refers to _scanf.o(.text) for __vfscanf
    scanf_char.o(.text) refers to isspace.o(.text) for isspace
    strtol.o(.text) refers to rt_ctype_table.o(.text) for __rt_ctype_table
    strtol.o(.text) refers to _strtoul.o(.text) for _strtoul
    strtol.o(.text) refers to rt_errno_addr_intlibspace.o(.text) for __aeabi_errno_addr
    strtok_int.o(.text) refers to strspn.o(.text) for strspn
    strtok_int.o(.text) refers to strcspn.o(.text) for strcspn
    libspace.o(.text) refers to libspace.o(.bss) for __libspace_start
    rtentry2.o(.ARM.Collect$$rtentry$$00000008) refers to boardinit2.o(.text) for _platform_post_stackheap_init
    rtentry2.o(.ARM.Collect$$rtentry$$0000000A) refers to libinit.o(.ARM.Collect$$libinit$$00000000) for __rt_lib_init
    rtentry2.o(.ARM.Collect$$rtentry$$0000000B) refers to boardinit3.o(.text) for _platform_post_lib_init
    rtentry2.o(.ARM.Collect$$rtentry$$0000000D) refers to main.o(.text) for main
    rtentry2.o(.ARM.Collect$$rtentry$$0000000D) refers to exit.o(.text) for exit
    rtentry2.o(.ARM.exidx) refers to rtentry2.o(.ARM.Collect$$rtentry$$00000001) for .ARM.Collect$$rtentry$$00000001
    rtentry2.o(.ARM.exidx) refers to rtentry2.o(.ARM.Collect$$rtentry$$00000008) for .ARM.Collect$$rtentry$$00000008
    rtentry2.o(.ARM.exidx) refers to rtentry2.o(.ARM.Collect$$rtentry$$0000000A) for .ARM.Collect$$rtentry$$0000000A
    rtentry2.o(.ARM.exidx) refers to rtentry2.o(.ARM.Collect$$rtentry$$0000000B) for .ARM.Collect$$rtentry$$0000000B
    rtentry2.o(.ARM.exidx) refers to rtentry2.o(.ARM.Collect$$rtentry$$0000000D) for .ARM.Collect$$rtentry$$0000000D
    rtentry4.o(.ARM.Collect$$rtentry$$00000004) refers to sys_stackheap_outer.o(.text) for __user_setup_stackheap
    rtentry4.o(.ARM.exidx) refers to rtentry4.o(.ARM.Collect$$rtentry$$00000004) for .ARM.Collect$$rtentry$$00000004
    rt_ctype_table.o(.text) refers to rt_locale_intlibspace.o(.text) for __rt_locale
    rt_ctype_table.o(.text) refers to lc_ctype_c.o(locale$$code) for _get_lc_ctype
    rt_div0.o(.text) refers to defsig_fpe_outer.o(.text) for __rt_SIGFPE
    isspace.o(.text) refers to rt_ctype_table.o(.text) for __rt_ctype_table
    _scanf.o(.text) refers (Weak) to _scanf_int.o(.text) for _scanf_int
    _strtoul.o(.text) refers to _chval.o(.text) for _chval
    _strtoul.o(.text) refers to rt_errno_addr_intlibspace.o(.text) for __aeabi_errno_addr
    sys_stackheap_outer.o(.text) refers to libspace.o(.text) for __user_perproc_libspace
    sys_stackheap_outer.o(.text) refers to startup_lpc17xx.o(.text) for __user_initial_stackheap
    rt_locale.o(.text) refers to rt_locale.o(.bss) for __rt_locale_data
    rt_locale_intlibspace.o(.text) refers to libspace.o(.bss) for __libspace_start
    lc_ctype_c.o(locale$$data) refers (Special) to libinit2.o(.ARM.Collect$$libinit$$0000000E) for __rt_lib_init_lc_ctype_2
    lc_ctype_c.o(locale$$code) refers (Special) to libinit2.o(.ARM.Collect$$libinit$$0000000E) for __rt_lib_init_lc_ctype_2
    lc_ctype_c.o(locale$$code) refers to strcmpv7m.o(.text) for strcmp
    lc_ctype_c.o(locale$$code) refers to lc_ctype_c.o(locale$$data) for __lcctype_c_name
    exit.o(.text) refers to rtexit.o(.ARM.Collect$$rtexit$$00000000) for __rt_exit
    defsig_fpe_outer.o(.text) refers to defsig_fpe_inner.o(.text) for __rt_SIGFPE_inner
    defsig_fpe_outer.o(.text) refers to defsig_exit.o(.text) for __sig_exit
    defsig_fpe_formal.o(.text) refers to rt_raise.o(.text) for __rt_raise
    libinit.o(.ARM.Collect$$libinit$$00000000) refers (Special) to libinit2.o(.ARM.Collect$$libinit$$0000002A) for __rt_lib_init_alloca_1
    libinit.o(.ARM.Collect$$libinit$$00000000) refers (Special) to libinit2.o(.ARM.Collect$$libinit$$00000028) for __rt_lib_init_argv_1
    libinit.o(.ARM.Collect$$libinit$$00000000) refers (Special) to libinit2.o(.ARM.Collect$$libinit$$00000017) for __rt_lib_init_atexit_1
    libinit.o(.ARM.Collect$$libinit$$00000000) refers (Special) to libinit2.o(.ARM.Collect$$libinit$$0000001D) for __rt_lib_init_clock_1
    libinit.o(.ARM.Collect$$libinit$$00000000) refers (Special) to libinit2.o(.ARM.Collect$$libinit$$0000002E) for __rt_lib_init_cpp_1
    libinit.o(.ARM.Collect$$libinit$$00000000) refers (Special) to libinit2.o(.ARM.Collect$$libinit$$0000002C) for __rt_lib_init_exceptions_1
    libinit.o(.ARM.Collect$$libinit$$00000000) refers (Special) to libinit2.o(.ARM.Collect$$libinit$$0000001B) for __rt_lib_init_fp_trap_1
    libinit.o(.ARM.Collect$$libinit$$00000000) refers (Special) to libinit2.o(.ARM.Collect$$libinit$$0000001F) for __rt_lib_init_getenv_1
    libinit.o(.ARM.Collect$$libinit$$00000000) refers (Special) to libinit2.o(.ARM.Collect$$libinit$$00000006) for __rt_lib_init_heap_1
    libinit.o(.ARM.Collect$$libinit$$00000000) refers (Special) to libinit2.o(.ARM.Collect$$libinit$$0000000D) for __rt_lib_init_lc_collate_1
    libinit.o(.ARM.Collect$$libinit$$00000000) refers (Special) to libinit2.o(.ARM.Collect$$libinit$$0000000F) for __rt_lib_init_lc_ctype_1
    libinit.o(.ARM.Collect$$libinit$$00000000) refers (Special) to libinit2.o(.ARM.Collect$$libinit$$00000011) for __rt_lib_init_lc_monetary_1
    libinit.o(.ARM.Collect$$libinit$$00000000) refers (Special) to libinit2.o(.ARM.Collect$$libinit$$00000013) for __rt_lib_init_lc_numeric_1
    libinit.o(.ARM.Collect$$libinit$$00000000) refers (Special) to libinit2.o(.ARM.Collect$$libinit$$00000015) for __rt_lib_init_lc_time_1
    libinit.o(.ARM.Collect$$libinit$$00000000) refers (Special) to libinit2.o(.ARM.Collect$$libinit$$0000000A) for __rt_lib_init_rand_1
    libinit.o(.ARM.Collect$$libinit$$00000000) refers (Special) to libinit2.o(.ARM.Collect$$libinit$$0000002F) for __rt_lib_init_return
    libinit.o(.ARM.Collect$$libinit$$00000000) refers (Special) to libinit2.o(.ARM.Collect$$libinit$$00000019) for __rt_lib_init_signal_1
    libinit.o(.ARM.Collect$$libinit$$00000000) refers (Special) to libinit2.o(.ARM.Collect$$libinit$$00000021) for __rt_lib_init_stdio_1
    libinit.o(.ARM.Collect$$libinit$$00000000) refers (Special) to libinit2.o(.ARM.Collect$$libinit$$00000008) for __rt_lib_init_user_alloc_1
    libinit.o(.ARM.Collect$$libinit$$00000000) refers to fpinit.o(x$fpl$fpinit) for _fp_init
    rtexit.o(.ARM.Collect$$rtexit$$00000000) refers (Special) to rtexit2.o(.ARM.Collect$$rtexit$$00000004) for __rt_exit_exit
    rtexit.o(.ARM.Collect$$rtexit$$00000000) refers (Special) to rtexit2.o(.ARM.Collect$$rtexit$$00000003) for __rt_exit_ls
    rtexit.o(.ARM.Collect$$rtexit$$00000000) refers (Special) to rtexit2.o(.ARM.Collect$$rtexit$$00000002) for __rt_exit_prels_1
    rtexit.o(.ARM.exidx) refers (Special) to rtexit2.o(.ARM.Collect$$rtexit$$00000004) for __rt_exit_exit
    rtexit.o(.ARM.exidx) refers (Special) to rtexit2.o(.ARM.Collect$$rtexit$$00000003) for __rt_exit_ls
    rtexit.o(.ARM.exidx) refers (Special) to rtexit2.o(.ARM.Collect$$rtexit$$00000002) for __rt_exit_prels_1
    rtexit.o(.ARM.exidx) refers to rtexit.o(.ARM.Collect$$rtexit$$00000000) for .ARM.Collect$$rtexit$$00000000
    rt_raise.o(.text) refers to __raise.o(.text) for __raise
    rt_raise.o(.text) refers to sys_exit.o(.text) for _sys_exit
    defsig_exit.o(.text) refers to sys_exit.o(.text) for _sys_exit
    defsig_fpe_inner.o(.text) refers to defsig_general.o(.text) for __default_signal_display
    libinit2.o(.ARM.Collect$$libinit$$0000000B) refers (Weak) to rt_locale_intlibspace.o(.text) for __rt_locale
    libinit2.o(.ARM.Collect$$libinit$$0000000C) refers to libinit2.o(.ARM.Collect$$libinit$$0000000B) for .ARM.Collect$$libinit$$0000000B
    libinit2.o(.ARM.Collect$$libinit$$0000000E) refers to libinit2.o(.ARM.Collect$$libinit$$0000000B) for .ARM.Collect$$libinit$$0000000B
    libinit2.o(.ARM.Collect$$libinit$$0000000E) refers (Weak) to lc_ctype_c.o(locale$$code) for _get_lc_ctype
    libinit2.o(.ARM.Collect$$libinit$$00000010) refers to libinit2.o(.ARM.Collect$$libinit$$0000000B) for .ARM.Collect$$libinit$$0000000B
    libinit2.o(.ARM.Collect$$libinit$$00000012) refers to libinit2.o(.ARM.Collect$$libinit$$0000000B) for .ARM.Collect$$libinit$$0000000B
    libinit2.o(.ARM.Collect$$libinit$$00000014) refers to libinit2.o(.ARM.Collect$$libinit$$0000000B) for .ARM.Collect$$libinit$$0000000B
    libinit2.o(.ARM.Collect$$libinit$$00000022) refers to argv_veneer.o(.emb_text) for __ARM_argv_veneer
    libinit2.o(.ARM.Collect$$libinit$$00000023) refers to argv_veneer.o(.emb_text) for __ARM_argv_veneer
    fpinit.o(x$fpl$fpinit) refers to rt_fp_status_addr_intlibspace.o(.text) for __rt_fp_status_addr
    sys_exit.o(.text) refers (Special) to use_no_semi.o(.text) for __I$use$semihosting
    sys_exit.o(.text) refers (Special) to indicate_semi.o(.text) for __semihosting_library_function
    rtexit2.o(.ARM.Collect$$rtexit$$00000003) refers to libshutdown.o(.ARM.Collect$$libshutdown$$00000000) for __rt_lib_shutdown
    rtexit2.o(.ARM.Collect$$rtexit$$00000004) refers to sys_exit.o(.text) for _sys_exit
    rtexit2.o(.ARM.exidx) refers to rtexit2.o(.ARM.Collect$$rtexit$$00000001) for .ARM.Collect$$rtexit$$00000001
    rtexit2.o(.ARM.exidx) refers to rtexit2.o(.ARM.Collect$$rtexit$$00000003) for .ARM.Collect$$rtexit$$00000003
    rtexit2.o(.ARM.exidx) refers to rtexit2.o(.ARM.Collect$$rtexit$$00000004) for .ARM.Collect$$rtexit$$00000004
    rt_fp_status_addr.o(.text) refers to rt_fp_status_addr.o(.bss) for __rt_fp_status_addr_data
    rt_fp_status_addr_intlibspace.o(.text) refers to libspace.o(.bss) for __libspace_start
    __raise.o(.text) refers to defsig.o(CL$$defsig) for __default_signal_handler
    defsig_general.o(.text) refers to sys_wrch.o(.text) for _ttywrch
    argv_veneer.o(.emb_text) refers to no_argv.o(.text) for __ARM_get_argv
    sys_wrch.o(.text) refers (Special) to use_no_semi.o(.text) for __I$use$semihosting
    sys_wrch.o(.text) refers (Special) to indicate_semi.o(.text) for __semihosting_library_function
    defsig.o(CL$$defsig) refers to defsig_fpe_inner.o(.text) for __rt_SIGFPE_inner
    defsig.o(CL$$defsig) refers to defsig_rtmem_inner.o(.text) for __rt_SIGRTMEM_inner
    _get_argv_nomalloc.o(.text) refers (Special) to hrguard.o(.text) for __heap_region$guard
    _get_argv_nomalloc.o(.text) refers to defsig_rtmem_outer.o(.text) for __rt_SIGRTMEM
    _get_argv_nomalloc.o(.text) refers to sys_command.o(.text) for _sys_command_string
    libshutdown.o(.ARM.Collect$$libshutdown$$00000000) refers (Special) to libshutdown2.o(.ARM.Collect$$libshutdown$$00000006) for __rt_lib_shutdown_fp_trap_1
    libshutdown.o(.ARM.Collect$$libshutdown$$00000000) refers (Special) to libshutdown2.o(.ARM.Collect$$libshutdown$$0000000E) for __rt_lib_shutdown_heap_1
    libshutdown.o(.ARM.Collect$$libshutdown$$00000000) refers (Special) to libshutdown2.o(.ARM.Collect$$libshutdown$$0000000F) for __rt_lib_shutdown_return
    libshutdown.o(.ARM.Collect$$libshutdown$$00000000) refers (Special) to libshutdown2.o(.ARM.Collect$$libshutdown$$00000009) for __rt_lib_shutdown_signal_1
    libshutdown.o(.ARM.Collect$$libshutdown$$00000000) refers (Special) to libshutdown2.o(.ARM.Collect$$libshutdown$$00000003) for __rt_lib_shutdown_stdio_1
    libshutdown.o(.ARM.Collect$$libshutdown$$00000000) refers (Special) to libshutdown2.o(.ARM.Collect$$libshutdown$$0000000B) for __rt_lib_shutdown_user_alloc_1
    sys_command.o(.text) refers (Special) to use_no_semi.o(.text) for __I$use$semihosting
    sys_command.o(.text) refers (Special) to indicate_semi.o(.text) for __semihosting_library_function
    defsig_abrt_inner.o(.text) refers to defsig_general.o(.text) for __default_signal_display
    defsig_rtred_inner.o(.text) refers to defsig_general.o(.text) for __default_signal_display
    defsig_rtmem_inner.o(.text) refers to defsig_general.o(.text) for __default_signal_display
    defsig_rtmem_outer.o(.text) refers to defsig_rtmem_inner.o(.text) for __rt_SIGRTMEM_inner
    defsig_rtmem_outer.o(.text) refers to defsig_exit.o(.text) for __sig_exit
    defsig_rtmem_formal.o(.text) refers to rt_raise.o(.text) for __rt_raise
    defsig_stak_inner.o(.text) refers to defsig_general.o(.text) for __default_signal_display
    defsig_pvfn_inner.o(.text) refers to defsig_general.o(.text) for __default_signal_display
    defsig_cppl_inner.o(.text) refers to defsig_general.o(.text) for __default_signal_display
    defsig_segv_inner.o(.text) refers to defsig_general.o(.text) for __default_signal_display
    defsig_other.o(.text) refers to defsig_general.o(.text) for __default_signal_display


==============================================================================

Removing Unused input sections from the image.

    Removing always.o(.emb_text), (8 bytes).
    Removing date.o(.emb_text), (8 bytes).
    Removing home.o(.emb_text), (8 bytes).
    Removing main.o(.emb_text), (8 bytes).
    Removing more.o(.emb_text), (8 bytes).
    Removing other.o(.emb_text), (8 bytes).
    Removing time.o(.emb_text), (8 bytes).
    Removing system_lpc17xx.o(.emb_text), (8 bytes).
    Removing bsp_config.o(.emb_text), (8 bytes).
    Removing joystick.o(.emb_text), (8 bytes).
    Removing key.o(.emb_text), (8 bytes).
    Removing lcd.o(.emb_text), (8 bytes).
    Removing led.o(.emb_text), (8 bytes).
    Removing 24lc02.o(.emb_text), (8 bytes).
    Removing command.o(.emb_text), (8 bytes).
    Removing command.o(.text), (740 bytes).
    Removing command.o(.bss), (32 bytes).
    Removing lpc1768_i2c.o(.emb_text), (8 bytes).
    Removing lpc1768_rtc.o(.emb_text), (8 bytes).
    Removing lpc1768_timer.o(.emb_text), (8 bytes).
    Removing lpc1768_uart_polling.o(.emb_text), (8 bytes).
    Removing lpc1768_uart_polling.o(.text), (560 bytes).
    Removing monitor.o(.text), (1084 bytes).
    Removing monitor.o(.data), (12 bytes).

24 unused section(s) (total 2580 bytes) removed from the image.

==============================================================================

Image Symbol Table

    Local Symbols

    Symbol Name                              Value     Ov Type        Size  Object(Section)

    RESET                                    0x00000000   Section      204  startup_lpc17xx.o(RESET)
    ../../angel/boardlib.s                   0x00000000   Number         0  boardshut.o ABSOLUTE
    ../../angel/boardlib.s                   0x00000000   Number         0  boardinit1.o ABSOLUTE
    ../../angel/boardlib.s                   0x00000000   Number         0  boardinit3.o ABSOLUTE
    ../../angel/boardlib.s                   0x00000000   Number         0  boardinit2.o ABSOLUTE
    ../../angel/handlers.s                   0x00000000   Number         0  __scatter_copy.o ABSOLUTE
    ../../angel/handlers.s                   0x00000000   Number         0  __scatter_zi.o ABSOLUTE
    ../../angel/kernel.s                     0x00000000   Number         0  rtexit2.o ABSOLUTE
    ../../angel/kernel.s                     0x00000000   Number         0  rtexit.o ABSOLUTE
    ../../angel/kernel.s                     0x00000000   Number         0  rtentry2.o ABSOLUTE
    ../../angel/kernel.s                     0x00000000   Number         0  rtentry4.o ABSOLUTE
    ../../angel/kernel.s                     0x00000000   Number         0  rtentry.o ABSOLUTE
    ../../angel/rt.s                         0x00000000   Number         0  rt_errno_addr_intlibspace.o ABSOLUTE
    ../../angel/rt.s                         0x00000000   Number         0  rt_errno_addr.o ABSOLUTE
    ../../angel/rt.s                         0x00000000   Number         0  aeabi_ldiv0_sigfpe.o ABSOLUTE
    ../../angel/rt.s                         0x00000000   Number         0  aeabi_ldiv0.o ABSOLUTE
    ../../angel/rt.s                         0x00000000   Number         0  rt_locale.o ABSOLUTE
    ../../angel/rt.s                         0x00000000   Number         0  rt_fp_status_addr_intlibspace.o ABSOLUTE
    ../../angel/rt.s                         0x00000000   Number         0  rt_fp_status_addr.o ABSOLUTE
    ../../angel/rt.s                         0x00000000   Number         0  rt_ctype_table.o ABSOLUTE
    ../../angel/rt.s                         0x00000000   Number         0  rt_locale_intlibspace.o ABSOLUTE
    ../../angel/rt.s                         0x00000000   Number         0  rt_raise.o ABSOLUTE
    ../../angel/rt.s                         0x00000000   Number         0  rt_div0.o ABSOLUTE
    ../../angel/scatter.s                    0x00000000   Number         0  __scatter.o ABSOLUTE
    ../../angel/startup.s                    0x00000000   Number         0  __main.o ABSOLUTE
    ../../angel/sys.s                        0x00000000   Number         0  sys_stackheap_outer.o ABSOLUTE
    ../../angel/sys.s                        0x00000000   Number         0  libspace.o ABSOLUTE
    ../../angel/sys.s                        0x00000000   Number         0  indicate_semi.o ABSOLUTE
    ../../angel/sys.s                        0x00000000   Number         0  use_no_semi.o ABSOLUTE
    ../../angel/sysapp.c                     0x00000000   Number         0  sys_command.o ABSOLUTE
    ../../angel/sysapp.c                     0x00000000   Number         0  sys_exit.o ABSOLUTE
    ../../angel/sysapp.c                     0x00000000   Number         0  sys_wrch.o ABSOLUTE
    ../../armsys.c                           0x00000000   Number         0  argv_veneer.o ABSOLUTE
    ../../armsys.c                           0x00000000   Number         0  _get_argv_nomalloc.o ABSOLUTE
    ../../armsys.c                           0x00000000   Number         0  no_argv.o ABSOLUTE
    ../../armsys.c                           0x00000000   Number         0  argv_veneer.o ABSOLUTE
    ../../ctype.c                            0x00000000   Number         0  isspace.o ABSOLUTE
    ../../fpinit.s                           0x00000000   Number         0  fpinit.o ABSOLUTE
    ../../heapalloc.c                        0x00000000   Number         0  hrguard.o ABSOLUTE
    ../../heapaux.c                          0x00000000   Number         0  heapauxi.o ABSOLUTE
    ../../libinit.s                          0x00000000   Number         0  libinit.o ABSOLUTE
    ../../libinit.s                          0x00000000   Number         0  libshutdown2.o ABSOLUTE
    ../../libinit.s                          0x00000000   Number         0  libinit2.o ABSOLUTE
    ../../libinit.s                          0x00000000   Number         0  libshutdown.o ABSOLUTE
    ../../locale.s                           0x00000000   Number         0  lc_ctype_c.o ABSOLUTE
    ../../longlong.s                         0x00000000   Number         0  llshl.o ABSOLUTE
    ../../longlong.s                         0x00000000   Number         0  lludivv7m.o ABSOLUTE
    ../../longlong.s                         0x00000000   Number         0  llushr.o ABSOLUTE
    ../../memcpset.s                         0x00000000   Number         0  rt_memcpy_v6.o ABSOLUTE
    ../../memcpset.s                         0x00000000   Number         0  strcmpv7m.o ABSOLUTE
    ../../memcpset.s                         0x00000000   Number         0  rt_memcpy_w.o ABSOLUTE
    ../../misc.s                             0x00000000   Number         0  printf_stubs.o ABSOLUTE
    ../../printf.c                           0x00000000   Number         0  __printf_nopercent.o ABSOLUTE
    ../../printf.c                           0x00000000   Number         0  __2sprintf.o ABSOLUTE
    ../../printf.c                           0x00000000   Number         0  noretval__2sprintf.o ABSOLUTE
    ../../printf.c                           0x00000000   Number         0  __printf.o ABSOLUTE
    ../../printf.c                           0x00000000   Number         0  _printf_pad.o ABSOLUTE
    ../../printf.c                           0x00000000   Number         0  _printf_dec.o ABSOLUTE
    ../../printf.c                           0x00000000   Number         0  __printf_flags.o ABSOLUTE
    ../../printf.c                           0x00000000   Number         0  __printf_ss.o ABSOLUTE
    ../../printf.c                           0x00000000   Number         0  __printf_flags_ss.o ABSOLUTE
    ../../printf.c                           0x00000000   Number         0  __printf_wp.o ABSOLUTE
    ../../printf.c                           0x00000000   Number         0  __printf_flags_wp.o ABSOLUTE
    ../../printf.c                           0x00000000   Number         0  __printf_ss_wp.o ABSOLUTE
    ../../printf.c                           0x00000000   Number         0  __printf_flags_ss_wp.o ABSOLUTE
    ../../printf.c                           0x00000000   Number         0  _sputc.o ABSOLUTE
    ../../printf.c                           0x00000000   Number         0  _printf_char_common.o ABSOLUTE
    ../../printf.c                           0x00000000   Number         0  _printf_intcommon.o ABSOLUTE
    ../../printf_percent.s                   0x00000000   Number         0  _printf_d.o ABSOLUTE
    ../../printf_percent.s                   0x00000000   Number         0  _printf_percent.o ABSOLUTE
    ../../printf_percent.s                   0x00000000   Number         0  _printf_percent_end.o ABSOLUTE
    ../../scanf.c                            0x00000000   Number         0  atoi.o ABSOLUTE
    ../../scanf.c                            0x00000000   Number         0  strtol.o ABSOLUTE
    ../../scanf.c                            0x00000000   Number         0  _scanf_int.o ABSOLUTE
    ../../scanf.c                            0x00000000   Number         0  __0sscanf.o ABSOLUTE
    ../../scanf.c                            0x00000000   Number         0  _chval.o ABSOLUTE
    ../../scanf.c                            0x00000000   Number         0  scanf_char.o ABSOLUTE
    ../../scanf.c                            0x00000000   Number         0  _strtoul.o ABSOLUTE
    ../../scanf.c                            0x00000000   Number         0  _sgetc.o ABSOLUTE
    ../../scanf.c                            0x00000000   Number         0  _scanf.o ABSOLUTE
    ../../signal.c                           0x00000000   Number         0  defsig_rtmem_formal.o ABSOLUTE
    ../../signal.c                           0x00000000   Number         0  defsig_other.o ABSOLUTE
    ../../signal.c                           0x00000000   Number         0  defsig_segv_inner.o ABSOLUTE
    ../../signal.c                           0x00000000   Number         0  defsig_cppl_inner.o ABSOLUTE
    ../../signal.c                           0x00000000   Number         0  defsig_pvfn_inner.o ABSOLUTE
    ../../signal.c                           0x00000000   Number         0  defsig_stak_inner.o ABSOLUTE
    ../../signal.c                           0x00000000   Number         0  defsig_rtmem_outer.o ABSOLUTE
    ../../signal.c                           0x00000000   Number         0  defsig_rtmem_inner.o ABSOLUTE
    ../../signal.c                           0x00000000   Number         0  defsig_rtred_inner.o ABSOLUTE
    ../../signal.c                           0x00000000   Number         0  defsig_abrt_inner.o ABSOLUTE
    ../../signal.c                           0x00000000   Number         0  defsig_exit.o ABSOLUTE
    ../../signal.c                           0x00000000   Number         0  __raise.o ABSOLUTE
    ../../signal.c                           0x00000000   Number         0  defsig_fpe_outer.o ABSOLUTE
    ../../signal.c                           0x00000000   Number         0  defsig_general.o ABSOLUTE
    ../../signal.c                           0x00000000   Number         0  defsig_fpe_formal.o ABSOLUTE
    ../../signal.c                           0x00000000   Number         0  defsig_fpe_inner.o ABSOLUTE
    ../../signal.s                           0x00000000   Number         0  defsig.o ABSOLUTE
    ../../stdlib.c                           0x00000000   Number         0  exit.o ABSOLUTE
    ../../string.c                           0x00000000   Number         0  strtok.o ABSOLUTE
    ../../string.c                           0x00000000   Number         0  strcspn.o ABSOLUTE
    ../../string.c                           0x00000000   Number         0  strtok_int.o ABSOLUTE
    ../../string.c                           0x00000000   Number         0  strspn.o ABSOLUTE
    ..\BSP\source\BSP_Config.c               0x00000000   Number         0  bsp_config.o ABSOLUTE
    ..\BSP\source\LCD.c                      0x00000000   Number         0  lcd.o ABSOLUTE
    ..\BSP\source\joystick.c                 0x00000000   Number         0  joystick.o ABSOLUTE
    ..\BSP\source\key.c                      0x00000000   Number         0  key.o ABSOLUTE
    ..\BSP\source\led.c                      0x00000000   Number         0  led.o ABSOLUTE
    ..\CMSIS\src\core_cm3.c                  0x00000000   Number         0  core_cm3.o ABSOLUTE
    ..\CMSIS\src\startup_LPC17xx.s           0x00000000   Number         0  startup_lpc17xx.o ABSOLUTE
    ..\CMSIS\src\system_LPC17xx.c            0x00000000   Number         0  system_lpc17xx.o ABSOLUTE
    ..\Drivers\source\24LC02.c               0x00000000   Number         0  24lc02.o ABSOLUTE
    ..\Drivers\source\command.c              0x00000000   Number         0  command.o ABSOLUTE
    ..\Drivers\source\lpc1768_i2c.c          0x00000000   Number         0  lpc1768_i2c.o ABSOLUTE
    ..\Drivers\source\lpc1768_rtc.c          0x00000000   Number         0  lpc1768_rtc.o ABSOLUTE
    ..\Drivers\source\lpc1768_timer.c        0x00000000   Number         0  lpc1768_timer.o ABSOLUTE
    ..\Drivers\source\lpc1768_uart_polling.c 0x00000000   Number         0  lpc1768_uart_polling.o ABSOLUTE
    ..\Drivers\source\monitor.c              0x00000000   Number         0  monitor.o ABSOLUTE
    ..\\BSP\\source\\BSP_Config.c            0x00000000   Number         0  bsp_config.o ABSOLUTE
    ..\\BSP\\source\\LCD.c                   0x00000000   Number         0  lcd.o ABSOLUTE
    ..\\BSP\\source\\joystick.c              0x00000000   Number         0  joystick.o ABSOLUTE
    ..\\BSP\\source\\key.c                   0x00000000   Number         0  key.o ABSOLUTE
    ..\\BSP\\source\\led.c                   0x00000000   Number         0  led.o ABSOLUTE
    ..\\CMSIS\\src\\system_LPC17xx.c         0x00000000   Number         0  system_lpc17xx.o ABSOLUTE
    ..\\Drivers\\source\\24LC02.c            0x00000000   Number         0  24lc02.o ABSOLUTE
    ..\\Drivers\\source\\command.c           0x00000000   Number         0  command.o ABSOLUTE
    ..\\Drivers\\source\\lpc1768_i2c.c       0x00000000   Number         0  lpc1768_i2c.o ABSOLUTE
    ..\\Drivers\\source\\lpc1768_rtc.c       0x00000000   Number         0  lpc1768_rtc.o ABSOLUTE
    ..\\Drivers\\source\\lpc1768_timer.c     0x00000000   Number         0  lpc1768_timer.o ABSOLUTE
    ..\\Drivers\\source\\lpc1768_uart_polling.c 0x00000000   Number         0  lpc1768_uart_polling.o ABSOLUTE
    Source\Always.c                          0x00000000   Number         0  always.o ABSOLUTE
    Source\Date.c                            0x00000000   Number         0  date.o ABSOLUTE
    Source\Home.c                            0x00000000   Number         0  home.o ABSOLUTE
    Source\More.c                            0x00000000   Number         0  more.o ABSOLUTE
    Source\Other.c                           0x00000000   Number         0  other.o ABSOLUTE
    Source\Time.c                            0x00000000   Number         0  time.o ABSOLUTE
    Source\\Always.c                         0x00000000   Number         0  always.o ABSOLUTE
    Source\\Date.c                           0x00000000   Number         0  date.o ABSOLUTE
    Source\\Home.c                           0x00000000   Number         0  home.o ABSOLUTE
    Source\\More.c                           0x00000000   Number         0  more.o ABSOLUTE
    Source\\Other.c                          0x00000000   Number         0  other.o ABSOLUTE
    Source\\Time.c                           0x00000000   Number         0  time.o ABSOLUTE
    Source\\main.c                           0x00000000   Number         0  main.o ABSOLUTE
    Source\main.c                            0x00000000   Number         0  main.o ABSOLUTE
    dc.s                                     0x00000000   Number         0  dc.o ABSOLUTE
    !!!main                                  0x000000cc   Section        8  __main.o(!!!main)
    !!!scatter                               0x000000d4   Section       52  __scatter.o(!!!scatter)
    !!handler_copy                           0x00000108   Section       26  __scatter_copy.o(!!handler_copy)
    !!handler_zi                             0x00000124   Section       28  __scatter_zi.o(!!handler_zi)
    .ARM.Collect$$_printf_percent$$00000000  0x00000140   Section        0  _printf_percent.o(.ARM.Collect$$_printf_percent$$00000000)
    .ARM.Collect$$_printf_percent$$00000009  0x00000140   Section        6  _printf_d.o(.ARM.Collect$$_printf_percent$$00000009)
    .ARM.Collect$$_printf_percent$$00000017  0x00000146   Section        4  _printf_percent_end.o(.ARM.Collect$$_printf_percent$$00000017)
    .ARM.Collect$$libinit$$00000000          0x0000014a   Section        6  libinit.o(.ARM.Collect$$libinit$$00000000)
    .ARM.Collect$$libinit$$00000006          0x00000150   Section        0  libinit2.o(.ARM.Collect$$libinit$$00000006)
    .ARM.Collect$$libinit$$00000008          0x00000150   Section        0  libinit2.o(.ARM.Collect$$libinit$$00000008)
    .ARM.Collect$$libinit$$0000000A          0x00000150   Section        0  libinit2.o(.ARM.Collect$$libinit$$0000000A)
    .ARM.Collect$$libinit$$0000000B          0x00000150   Section        6  libinit2.o(.ARM.Collect$$libinit$$0000000B)
    .ARM.Collect$$libinit$$0000000D          0x00000156   Section        0  libinit2.o(.ARM.Collect$$libinit$$0000000D)
    .ARM.Collect$$libinit$$0000000E          0x00000156   Section       12  libinit2.o(.ARM.Collect$$libinit$$0000000E)
    .ARM.Collect$$libinit$$0000000F          0x00000162   Section        0  libinit2.o(.ARM.Collect$$libinit$$0000000F)
    .ARM.Collect$$libinit$$00000011          0x00000162   Section        0  libinit2.o(.ARM.Collect$$libinit$$00000011)
    .ARM.Collect$$libinit$$00000013          0x00000162   Section        0  libinit2.o(.ARM.Collect$$libinit$$00000013)
    .ARM.Collect$$libinit$$00000015          0x00000162   Section        0  libinit2.o(.ARM.Collect$$libinit$$00000015)
    .ARM.Collect$$libinit$$00000017          0x00000162   Section        0  libinit2.o(.ARM.Collect$$libinit$$00000017)
    .ARM.Collect$$libinit$$00000019          0x00000162   Section        0  libinit2.o(.ARM.Collect$$libinit$$00000019)
    .ARM.Collect$$libinit$$0000001B          0x00000162   Section        0  libinit2.o(.ARM.Collect$$libinit$$0000001B)
    .ARM.Collect$$libinit$$0000001D          0x00000162   Section        0  libinit2.o(.ARM.Collect$$libinit$$0000001D)
    .ARM.Collect$$libinit$$0000001F          0x00000162   Section        0  libinit2.o(.ARM.Collect$$libinit$$0000001F)
    .ARM.Collect$$libinit$$00000021          0x00000162   Section        0  libinit2.o(.ARM.Collect$$libinit$$00000021)
    .ARM.Collect$$libinit$$00000028          0x00000162   Section        0  libinit2.o(.ARM.Collect$$libinit$$00000028)
    .ARM.Collect$$libinit$$0000002A          0x00000162   Section        0  libinit2.o(.ARM.Collect$$libinit$$0000002A)
    .ARM.Collect$$libinit$$0000002C          0x00000162   Section        0  libinit2.o(.ARM.Collect$$libinit$$0000002C)
    .ARM.Collect$$libinit$$0000002E          0x00000162   Section        0  libinit2.o(.ARM.Collect$$libinit$$0000002E)
    .ARM.Collect$$libinit$$0000002F          0x00000162   Section        2  libinit2.o(.ARM.Collect$$libinit$$0000002F)
    .ARM.Collect$$libshutdown$$00000000      0x00000164   Section        2  libshutdown.o(.ARM.Collect$$libshutdown$$00000000)
    .ARM.Collect$$libshutdown$$00000003      0x00000166   Section        0  libshutdown2.o(.ARM.Collect$$libshutdown$$00000003)
    .ARM.Collect$$libshutdown$$00000006      0x00000166   Section        0  libshutdown2.o(.ARM.Collect$$libshutdown$$00000006)
    .ARM.Collect$$libshutdown$$00000009      0x00000166   Section        0  libshutdown2.o(.ARM.Collect$$libshutdown$$00000009)
    .ARM.Collect$$libshutdown$$0000000B      0x00000166   Section        0  libshutdown2.o(.ARM.Collect$$libshutdown$$0000000B)
    .ARM.Collect$$libshutdown$$0000000E      0x00000166   Section        0  libshutdown2.o(.ARM.Collect$$libshutdown$$0000000E)
    .ARM.Collect$$libshutdown$$0000000F      0x00000166   Section        2  libshutdown2.o(.ARM.Collect$$libshutdown$$0000000F)
    .ARM.Collect$$rtentry$$00000000          0x00000168   Section        0  rtentry.o(.ARM.Collect$$rtentry$$00000000)
    .ARM.Collect$$rtentry$$00000002          0x00000168   Section        0  rtentry2.o(.ARM.Collect$$rtentry$$00000002)
    .ARM.Collect$$rtentry$$00000004          0x00000168   Section        6  rtentry4.o(.ARM.Collect$$rtentry$$00000004)
    .ARM.Collect$$rtentry$$00000009          0x0000016e   Section        0  rtentry2.o(.ARM.Collect$$rtentry$$00000009)
    .ARM.Collect$$rtentry$$0000000A          0x0000016e   Section        4  rtentry2.o(.ARM.Collect$$rtentry$$0000000A)
    .ARM.Collect$$rtentry$$0000000C          0x00000172   Section        0  rtentry2.o(.ARM.Collect$$rtentry$$0000000C)
    .ARM.Collect$$rtentry$$0000000D          0x00000172   Section        8  rtentry2.o(.ARM.Collect$$rtentry$$0000000D)
    .ARM.Collect$$rtexit$$00000000           0x0000017a   Section        2  rtexit.o(.ARM.Collect$$rtexit$$00000000)
    .ARM.Collect$$rtexit$$00000002           0x0000017c   Section        0  rtexit2.o(.ARM.Collect$$rtexit$$00000002)
    .ARM.Collect$$rtexit$$00000003           0x0000017c   Section        4  rtexit2.o(.ARM.Collect$$rtexit$$00000003)
    .ARM.Collect$$rtexit$$00000004           0x00000180   Section        6  rtexit2.o(.ARM.Collect$$rtexit$$00000004)
    .text                                    0x00000188   Section       60  startup_lpc17xx.o(.text)
    .text                                    0x000001c4   Section        0  always.o(.text)
    .text                                    0x000002d4   Section        0  noretval__2sprintf.o(.text)
    .ARM.__at_0x02FC                         0x000002fc   Section        4  startup_lpc17xx.o(.ARM.__at_0x02FC)
    .text                                    0x00000300   Section        0  date.o(.text)
    .text                                    0x0000081c   Section        0  home.o(.text)
    .text                                    0x00000d9c   Section        0  main.o(.text)
    .text                                    0x00000f8c   Section        0  more.o(.text)
    .text                                    0x000012c4   Section        0  other.o(.text)
    .text                                    0x00001408   Section        0  time.o(.text)
    .text                                    0x00001838   Section        0  system_lpc17xx.o(.text)
    .text                                    0x00001b3c   Section        0  bsp_config.o(.text)
    .text                                    0x00001b98   Section        0  joystick.o(.text)
    KeyboardScan                             0x00001b99   Thumb Code   210  joystick.o(.text)
    .text                                    0x00001d08   Section        0  key.o(.text)
    NVIC_EnableIRQ                           0x00001e25   Thumb Code    24  key.o(.text)
    .text                                    0x00001e5c   Section        0  lcd.o(.text)
    lcd_write                                0x00001e6b   Thumb Code    64  lcd.o(.text)
    SSD1298_write_command                    0x00001eab   Thumb Code    46  lcd.o(.text)
    BSP_LCD_CtrlRegWr                        0x00001ed9   Thumb Code    68  lcd.o(.text)
    BSP_LCD_CtrlRegRd                        0x00001f1d   Thumb Code    38  lcd.o(.text)
    SSD1298_read_data                        0x00002329   Thumb Code    98  lcd.o(.text)
    wr_dat_start                             0x0000238b   Thumb Code    10  lcd.o(.text)
    wr_dat_stop                              0x00002395   Thumb Code    10  lcd.o(.text)
    wr_dat_only                              0x0000239f   Thumb Code    32  lcd.o(.text)
    .text                                    0x000023c4   Section        0  led.o(.text)
    .text                                    0x00002420   Section        0  24lc02.o(.text)
    .text                                    0x00002480   Section        0  lpc1768_i2c.o(.text)
    .text                                    0x00002774   Section        0  lpc1768_rtc.o(.text)
    .text                                    0x00002990   Section        0  lpc1768_timer.o(.text)
    nop                                      0x00002991   Thumb Code     2  lpc1768_timer.o(.text)
    .text                                    0x00002a18   Section      238  lludivv7m.o(.text)
    .text                                    0x00002b06   Section        0  _printf_pad.o(.text)
    .text                                    0x00002b58   Section        0  _printf_dec.o(.text)
    .text                                    0x00002bd0   Section        0  __printf_flags_wp.o(.text)
    .text                                    0x00002d0c   Section        0  __0sscanf.o(.text)
    .text                                    0x00002d48   Section        0  _scanf_int.o(.text)
    .text                                    0x00002e98   Section      138  rt_memcpy_v6.o(.text)
    .text                                    0x00002f22   Section      100  rt_memcpy_w.o(.text)
    .text                                    0x00002f88   Section      128  strcmpv7m.o(.text)
    .text                                    0x00003008   Section        0  heapauxi.o(.text)
    .text                                    0x0000300e   Section        0  _printf_intcommon.o(.text)
    .text                                    0x000030c8   Section        0  _printf_char_common.o(.text)
    _printf_input_char                       0x000030c9   Thumb Code    10  _printf_char_common.o(.text)
    .text                                    0x000030f8   Section        0  _sputc.o(.text)
    .text                                    0x00003102   Section        0  _chval.o(.text)
    .text                                    0x00003120   Section        0  scanf_char.o(.text)
    _scanf_char_input                        0x00003121   Thumb Code    12  scanf_char.o(.text)
    .text                                    0x00003150   Section        0  _sgetc.o(.text)
    .text                                    0x00003190   Section        8  libspace.o(.text)
    .text                                    0x00003198   Section       16  rt_ctype_table.o(.text)
    .text                                    0x000031a8   Section        0  isspace.o(.text)
    .text                                    0x000031bc   Section        0  _scanf.o(.text)
    .text                                    0x00003534   Section       74  sys_stackheap_outer.o(.text)
    .text                                    0x00003580   Section        8  rt_locale_intlibspace.o(.text)
    .text                                    0x00003588   Section        0  exit.o(.text)
    .text                                    0x00003594   Section        0  sys_exit.o(.text)
    .text                                    0x000035a0   Section        8  rt_fp_status_addr_intlibspace.o(.text)
    .text                                    0x000035a8   Section        2  use_no_semi.o(.text)
    .text                                    0x000035aa   Section        0  indicate_semi.o(.text)
    i._is_digit                              0x000035aa   Section        0  __printf_wp.o(i._is_digit)
    locale$$code                             0x000035b8   Section       44  lc_ctype_c.o(locale$$code)
    x$fpl$fpinit                             0x000035e4   Section       14  fpinit.o(x$fpl$fpinit)
    .constdata                               0x000035f4   Section       24  home.o(.constdata)
    .constdata                               0x0000360c   Section     6042  lcd.o(.constdata)
    .constdata                               0x00004da6   Section       17  __printf_flags_wp.o(.constdata)
    maptable                                 0x00004da6   Data          17  __printf_flags_wp.o(.constdata)
    .conststring                             0x00004db7   Section        5  main.o(.conststring)
    locale$$data                             0x00004ddc   Section      272  lc_ctype_c.o(locale$$data)
    __lcctype_c_name                         0x00004de0   Data           2  lc_ctype_c.o(locale$$data)
    __lcctype_c_start                        0x00004de8   Data           0  lc_ctype_c.o(locale$$data)
    __lcctype_c_end                          0x00004eec   Data           0  lc_ctype_c.o(locale$$data)
    .data                                    0x10000000   Section       12  date.o(.data)
    .data                                    0x1000000c   Section        8  home.o(.data)
    .data                                    0x10000014   Section       16  main.o(.data)
    .data                                    0x10000024   Section        1  more.o(.data)
    ON                                       0x10000024   Data           1  more.o(.data)
    .data                                    0x10000028   Section       12  time.o(.data)
    .data                                    0x10000034   Section        4  system_lpc17xx.o(.data)
    .data                                    0x10000038   Section       12  joystick.o(.data)
    counter                                  0x10000038   Data           1  joystick.o(.data)
    .data                                    0x10000044   Section        3  key.o(.data)
    OnOff                                    0x10000044   Data           1  key.o(.data)
    OnOff1                                   0x10000045   Data           1  key.o(.data)
    OnOff2                                   0x10000046   Data           1  key.o(.data)
    .data                                    0x10000048   Section        6  lcd.o(.data)
    DeviceCode                               0x1000004c   Data           2  lcd.o(.data)
    .data                                    0x10000050   Section       28  lpc1768_i2c.o(.data)
    .data                                    0x1000006c   Section        8  lpc1768_rtc.o(.data)
    .data                                    0x10000074   Section        8  lpc1768_timer.o(.data)
    .bss                                     0x1000007c   Section       96  libspace.o(.bss)
    HEAP                                     0x100000e0   Section        0  startup_lpc17xx.o(HEAP)
    STACK                                    0x100000e0   Section      512  startup_lpc17xx.o(STACK)
    Heap_Mem                                 0x100000e0   Data           0  startup_lpc17xx.o(HEAP)
    Stack_Mem                                0x100000e0   Data         512  startup_lpc17xx.o(STACK)
    __initial_sp                             0x100002e0   Data           0  startup_lpc17xx.o(STACK)

    Global Symbols

    Symbol Name                              Value     Ov Type        Size  Object(Section)

    BuildAttributes$$THM_ISAv4$P$D$K$B$S$PE$A:L22UL41UL21$X:L11$S22US41US21$IEEE1$IW$USESV6$~STKCKD$USESV7$~SHL$OSPACE$ROPI$EBA8$UX$STANDARDLIB$REQ8$PRES8$EABIv2 0x00000000   Number         0  anon$$obj.o ABSOLUTE
    __ARM_use_no_argv                        0x00000000   Number         0  main.o ABSOLUTE
    __Vectors                                0x00000000   Data           4  startup_lpc17xx.o(RESET)
    _printf_flags                            0x00000000   Number         0  printf_stubs.o ABSOLUTE
    _printf_return_value                     0x00000000   Number         0  printf_stubs.o ABSOLUTE
    _printf_sizespec                         0x00000000   Number         0  printf_stubs.o ABSOLUTE
    _printf_widthprec                        0x00000000   Number         0  printf_stubs.o ABSOLUTE
    __ARM_exceptions_init                     - Undefined Weak Reference
    __alloca_initialize                       - Undefined Weak Reference
    __cpp_initialize__aeabi_                  - Undefined Weak Reference
    __cxa_finalize                            - Undefined Weak Reference
    __sigvec_lookup                           - Undefined Weak Reference
    _atexit_init                              - Undefined Weak Reference
    _call_atexit_fns                          - Undefined Weak Reference
    _clock_init                               - Undefined Weak Reference
    _fp_trap_init                             - Undefined Weak Reference
    _fp_trap_shutdown                         - Undefined Weak Reference
    _get_lc_collate                           - Undefined Weak Reference
    _get_lc_monetary                          - Undefined Weak Reference
    _get_lc_numeric                           - Undefined Weak Reference
    _get_lc_time                              - Undefined Weak Reference
    _getenv_init                              - Undefined Weak Reference
    _handle_redirection                       - Undefined Weak Reference
    _init_alloc                               - Undefined Weak Reference
    _init_user_alloc                          - Undefined Weak Reference
    _initio                                   - Undefined Weak Reference
    _printf_truncate_signed                   - Undefined Weak Reference
    _printf_truncate_unsigned                 - Undefined Weak Reference
    _rand_init                                - Undefined Weak Reference
    _scanf_longlong                           - Undefined Weak Reference
    _scanf_mbtowc                             - Undefined Weak Reference
    _scanf_real                               - Undefined Weak Reference
    _scanf_string                             - Undefined Weak Reference
    _scanf_wctomb                             - Undefined Weak Reference
    _scanf_wstring                            - Undefined Weak Reference
    _signal_finish                            - Undefined Weak Reference
    _signal_init                              - Undefined Weak Reference
    _terminate_alloc                          - Undefined Weak Reference
    _terminate_user_alloc                     - Undefined Weak Reference
    _terminateio                              - Undefined Weak Reference
    __main                                   0x000000cd   Thumb Code     8  __main.o(!!!main)
    __scatterload                            0x000000d5   Thumb Code     0  __scatter.o(!!!scatter)
    __scatterload_rt2                        0x000000d5   Thumb Code    44  __scatter.o(!!!scatter)
    __scatterload_rt2_thumb_only             0x000000d5   Thumb Code     0  __scatter.o(!!!scatter)
    __scatterload_null                       0x000000e3   Thumb Code     0  __scatter.o(!!!scatter)
    __scatterload_copy                       0x00000109   Thumb Code    26  __scatter_copy.o(!!handler_copy)
    __scatterload_zeroinit                   0x00000125   Thumb Code    28  __scatter_zi.o(!!handler_zi)
    _printf_d                                0x00000141   Thumb Code     0  _printf_d.o(.ARM.Collect$$_printf_percent$$00000009)
    _printf_percent                          0x00000141   Thumb Code     0  _printf_percent.o(.ARM.Collect$$_printf_percent$$00000000)
    _printf_percent_end                      0x00000147   Thumb Code     0  _printf_percent_end.o(.ARM.Collect$$_printf_percent$$00000017)
    __rt_lib_init                            0x0000014b   Thumb Code     0  libinit.o(.ARM.Collect$$libinit$$00000000)
    __rt_lib_init_heap_1                     0x00000151   Thumb Code     0  libinit2.o(.ARM.Collect$$libinit$$00000006)
    __rt_lib_init_lc_common                  0x00000151   Thumb Code     0  libinit2.o(.ARM.Collect$$libinit$$0000000B)
    __rt_lib_init_rand_1                     0x00000151   Thumb Code     0  libinit2.o(.ARM.Collect$$libinit$$0000000A)
    __rt_lib_init_user_alloc_1               0x00000151   Thumb Code     0  libinit2.o(.ARM.Collect$$libinit$$00000008)
    __rt_lib_init_lc_collate_1               0x00000157   Thumb Code     0  libinit2.o(.ARM.Collect$$libinit$$0000000D)
    __rt_lib_init_lc_ctype_2                 0x00000157   Thumb Code     0  libinit2.o(.ARM.Collect$$libinit$$0000000E)
    __rt_lib_init_alloca_1                   0x00000163   Thumb Code     0  libinit2.o(.ARM.Collect$$libinit$$0000002A)
    __rt_lib_init_argv_1                     0x00000163   Thumb Code     0  libinit2.o(.ARM.Collect$$libinit$$00000028)
    __rt_lib_init_atexit_1                   0x00000163   Thumb Code     0  libinit2.o(.ARM.Collect$$libinit$$00000017)
    __rt_lib_init_clock_1                    0x00000163   Thumb Code     0  libinit2.o(.ARM.Collect$$libinit$$0000001D)
    __rt_lib_init_cpp_1                      0x00000163   Thumb Code     0  libinit2.o(.ARM.Collect$$libinit$$0000002E)
    __rt_lib_init_exceptions_1               0x00000163   Thumb Code     0  libinit2.o(.ARM.Collect$$libinit$$0000002C)
    __rt_lib_init_fp_trap_1                  0x00000163   Thumb Code     0  libinit2.o(.ARM.Collect$$libinit$$0000001B)
    __rt_lib_init_getenv_1                   0x00000163   Thumb Code     0  libinit2.o(.ARM.Collect$$libinit$$0000001F)
    __rt_lib_init_lc_ctype_1                 0x00000163   Thumb Code     0  libinit2.o(.ARM.Collect$$libinit$$0000000F)
    __rt_lib_init_lc_monetary_1              0x00000163   Thumb Code     0  libinit2.o(.ARM.Collect$$libinit$$00000011)
    __rt_lib_init_lc_numeric_1               0x00000163   Thumb Code     0  libinit2.o(.ARM.Collect$$libinit$$00000013)
    __rt_lib_init_lc_time_1                  0x00000163   Thumb Code     0  libinit2.o(.ARM.Collect$$libinit$$00000015)
    __rt_lib_init_return                     0x00000163   Thumb Code     0  libinit2.o(.ARM.Collect$$libinit$$0000002F)
    __rt_lib_init_signal_1                   0x00000163   Thumb Code     0  libinit2.o(.ARM.Collect$$libinit$$00000019)
    __rt_lib_init_stdio_1                    0x00000163   Thumb Code     0  libinit2.o(.ARM.Collect$$libinit$$00000021)
    __rt_lib_shutdown                        0x00000165   Thumb Code     0  libshutdown.o(.ARM.Collect$$libshutdown$$00000000)
    __rt_lib_shutdown_fp_trap_1              0x00000167   Thumb Code     0  libshutdown2.o(.ARM.Collect$$libshutdown$$00000006)
    __rt_lib_shutdown_heap_1                 0x00000167   Thumb Code     0  libshutdown2.o(.ARM.Collect$$libshutdown$$0000000E)
    __rt_lib_shutdown_return                 0x00000167   Thumb Code     0  libshutdown2.o(.ARM.Collect$$libshutdown$$0000000F)
    __rt_lib_shutdown_signal_1               0x00000167   Thumb Code     0  libshutdown2.o(.ARM.Collect$$libshutdown$$00000009)
    __rt_lib_shutdown_stdio_1                0x00000167   Thumb Code     0  libshutdown2.o(.ARM.Collect$$libshutdown$$00000003)
    __rt_lib_shutdown_user_alloc_1           0x00000167   Thumb Code     0  libshutdown2.o(.ARM.Collect$$libshutdown$$0000000B)
    __rt_entry                               0x00000169   Thumb Code     0  rtentry.o(.ARM.Collect$$rtentry$$00000000)
    __rt_entry_presh_1                       0x00000169   Thumb Code     0  rtentry2.o(.ARM.Collect$$rtentry$$00000002)
    __rt_entry_sh                            0x00000169   Thumb Code     0  rtentry4.o(.ARM.Collect$$rtentry$$00000004)
    __rt_entry_li                            0x0000016f   Thumb Code     0  rtentry2.o(.ARM.Collect$$rtentry$$0000000A)
    __rt_entry_postsh_1                      0x0000016f   Thumb Code     0  rtentry2.o(.ARM.Collect$$rtentry$$00000009)
    __rt_entry_main                          0x00000173   Thumb Code     0  rtentry2.o(.ARM.Collect$$rtentry$$0000000D)
    __rt_entry_postli_1                      0x00000173   Thumb Code     0  rtentry2.o(.ARM.Collect$$rtentry$$0000000C)
    __rt_exit                                0x0000017b   Thumb Code     0  rtexit.o(.ARM.Collect$$rtexit$$00000000)
    __rt_exit_ls                             0x0000017d   Thumb Code     0  rtexit2.o(.ARM.Collect$$rtexit$$00000003)
    __rt_exit_prels_1                        0x0000017d   Thumb Code     0  rtexit2.o(.ARM.Collect$$rtexit$$00000002)
    __rt_exit_exit                           0x00000181   Thumb Code     0  rtexit2.o(.ARM.Collect$$rtexit$$00000004)
    Reset_Handler                            0x00000189   Thumb Code     8  startup_lpc17xx.o(.text)
    NMI_Handler                              0x00000191   Thumb Code     2  startup_lpc17xx.o(.text)
    HardFault_Handler                        0x00000193   Thumb Code     2  startup_lpc17xx.o(.text)
    MemManage_Handler                        0x00000195   Thumb Code     2  startup_lpc17xx.o(.text)
    BusFault_Handler                         0x00000197   Thumb Code     2  startup_lpc17xx.o(.text)
    UsageFault_Handler                       0x00000199   Thumb Code     2  startup_lpc17xx.o(.text)
    SVC_Handler                              0x0000019b   Thumb Code     2  startup_lpc17xx.o(.text)
    DebugMon_Handler                         0x0000019d   Thumb Code     2  startup_lpc17xx.o(.text)
    PendSV_Handler                           0x0000019f   Thumb Code     2  startup_lpc17xx.o(.text)
    SysTick_Handler                          0x000001a1   Thumb Code     2  startup_lpc17xx.o(.text)
    ADC_IRQHandler                           0x000001a3   Thumb Code     0  startup_lpc17xx.o(.text)
    BOD_IRQHandler                           0x000001a3   Thumb Code     0  startup_lpc17xx.o(.text)
    CANActivity_IRQHandler                   0x000001a3   Thumb Code     0  startup_lpc17xx.o(.text)
    CAN_IRQHandler                           0x000001a3   Thumb Code     0  startup_lpc17xx.o(.text)
    DMA_IRQHandler                           0x000001a3   Thumb Code     0  startup_lpc17xx.o(.text)
    EINT1_IRQHandler                         0x000001a3   Thumb Code     0  startup_lpc17xx.o(.text)
    EINT2_IRQHandler                         0x000001a3   Thumb Code     0  startup_lpc17xx.o(.text)
    ENET_IRQHandler                          0x000001a3   Thumb Code     0  startup_lpc17xx.o(.text)
    I2C1_IRQHandler                          0x000001a3   Thumb Code     0  startup_lpc17xx.o(.text)
    I2C2_IRQHandler                          0x000001a3   Thumb Code     0  startup_lpc17xx.o(.text)
    I2S_IRQHandler                           0x000001a3   Thumb Code     0  startup_lpc17xx.o(.text)
    MCPWM_IRQHandler                         0x000001a3   Thumb Code     0  startup_lpc17xx.o(.text)
    PLL0_IRQHandler                          0x000001a3   Thumb Code     0  startup_lpc17xx.o(.text)
    PLL1_IRQHandler                          0x000001a3   Thumb Code     0  startup_lpc17xx.o(.text)
    PWM1_IRQHandler                          0x000001a3   Thumb Code     0  startup_lpc17xx.o(.text)
    QEI_IRQHandler                           0x000001a3   Thumb Code     0  startup_lpc17xx.o(.text)
    RIT_IRQHandler                           0x000001a3   Thumb Code     0  startup_lpc17xx.o(.text)
    SPI_IRQHandler                           0x000001a3   Thumb Code     0  startup_lpc17xx.o(.text)
    SSP0_IRQHandler                          0x000001a3   Thumb Code     0  startup_lpc17xx.o(.text)
    SSP1_IRQHandler                          0x000001a3   Thumb Code     0  startup_lpc17xx.o(.text)
    TIMER1_IRQHandler                        0x000001a3   Thumb Code     0  startup_lpc17xx.o(.text)
    TIMER2_IRQHandler                        0x000001a3   Thumb Code     0  startup_lpc17xx.o(.text)
    TIMER3_IRQHandler                        0x000001a3   Thumb Code     0  startup_lpc17xx.o(.text)
    UART0_IRQHandler                         0x000001a3   Thumb Code     0  startup_lpc17xx.o(.text)
    UART1_IRQHandler                         0x000001a3   Thumb Code     0  startup_lpc17xx.o(.text)
    UART2_IRQHandler                         0x000001a3   Thumb Code     0  startup_lpc17xx.o(.text)
    UART3_IRQHandler                         0x000001a3   Thumb Code     0  startup_lpc17xx.o(.text)
    USBActivity_IRQHandler                   0x000001a3   Thumb Code     0  startup_lpc17xx.o(.text)
    USB_IRQHandler                           0x000001a3   Thumb Code     0  startup_lpc17xx.o(.text)
    WDT_IRQHandler                           0x000001a3   Thumb Code     0  startup_lpc17xx.o(.text)
    __user_initial_stackheap                 0x000001a5   Thumb Code     0  startup_lpc17xx.o(.text)
    Always                                   0x000001c5   Thumb Code   210  always.o(.text)
    __2sprintf                               0x000002d5   Thumb Code    34  noretval__2sprintf.o(.text)
    Gui_Date                                 0x00000301   Thumb Code   326  date.o(.text)
    HowMany                                  0x00000447   Thumb Code    58  date.o(.text)
    Date                                     0x00000481   Thumb Code   890  date.o(.text)
    Gui_Home                                 0x0000081d   Thumb Code   256  home.o(.text)
    Mark                                     0x0000091d   Thumb Code    56  home.o(.text)
    Calendar                                 0x00000955   Thumb Code   434  home.o(.text)
    Home                                     0x00000b07   Thumb Code   648  home.o(.text)
    main                                     0x00000d9d   Thumb Code   390  main.o(.text)
    Gui_More                                 0x00000f8d   Thumb Code   310  more.o(.text)
    More                                     0x000010c3   Thumb Code   336  more.o(.text)
    Night                                    0x000012c5   Thumb Code    44  other.o(.text)
    Factory                                  0x000012f1   Thumb Code    76  other.o(.text)
    Recover                                  0x0000133d   Thumb Code    92  other.o(.text)
    Nextday                                  0x00001399   Thumb Code    96  other.o(.text)
    Gui_Time                                 0x00001409   Thumb Code   326  time.o(.text)
    Time                                     0x0000154f   Thumb Code   646  time.o(.text)
    SystemCoreClockUpdate                    0x00001839   Thumb Code   426  system_lpc17xx.o(.text)
    SystemInit                               0x000019e3   Thumb Code   270  system_lpc17xx.o(.text)
    LCD_Pin_Config                           0x00001b3d   Thumb Code    30  bsp_config.o(.text)
    SD_Pin_Config                            0x00001b5b   Thumb Code    24  bsp_config.o(.text)
    SD_Power                                 0x00001b73   Thumb Code    34  bsp_config.o(.text)
    Joystick_Config                          0x00001c6b   Thumb Code    36  joystick.o(.text)
    GetKey                                   0x00001c8f   Thumb Code    88  joystick.o(.text)
    Key_init                                 0x00001d09   Thumb Code   144  key.o(.text)
    EINT0_IRQHandler                         0x00001d99   Thumb Code    50  key.o(.text)
    EINT3_IRQHandler                         0x00001dcb   Thumb Code    90  key.o(.text)
    wait_delay                               0x00001e5d   Thumb Code    12  lcd.o(.text)
    wait                                     0x00001e69   Thumb Code     2  lcd.o(.text)
    swapXY                                   0x00001f43   Thumb Code    16  lcd.o(.text)
    LCD_Init                                 0x00001f53   Thumb Code   120  lcd.o(.text)
    LCD_SetWindow                            0x00001fcb   Thumb Code    48  lcd.o(.text)
    LCD_SetTextColor                         0x00001ffb   Thumb Code     6  lcd.o(.text)
    LCD_SetBackColor                         0x00002001   Thumb Code     6  lcd.o(.text)
    LCD_SetCursor                            0x00002007   Thumb Code    24  lcd.o(.text)
    LCD_ClearScreen                          0x0000201f   Thumb Code    54  lcd.o(.text)
    LCD_DrawPixel                            0x00002055   Thumb Code    56  lcd.o(.text)
    LCD_DisplayChar                          0x0000208d   Thumb Code   118  lcd.o(.text)
    LCD_DisplayString                        0x00002103   Thumb Code    32  lcd.o(.text)
    LCD_ShowBmp                              0x00002123   Thumb Code   120  lcd.o(.text)
    LCD_DisplayChar2                         0x0000219b   Thumb Code   120  lcd.o(.text)
    LCD_DisplayString2                       0x00002213   Thumb Code    32  lcd.o(.text)
    Clear                                    0x00002233   Thumb Code    62  lcd.o(.text)
    LineX                                    0x00002271   Thumb Code    38  lcd.o(.text)
    LineY                                    0x00002297   Thumb Code    38  lcd.o(.text)
    Square                                   0x000022bd   Thumb Code   108  lcd.o(.text)
    Set_LCD_DIR_A2B                          0x000023c5   Thumb Code    20  led.o(.text)
    LED_Config                               0x000023d9   Thumb Code    30  led.o(.text)
    LED_On                                   0x000023f7   Thumb Code     6  led.o(.text)
    LED_Off                                  0x000023fd   Thumb Code     6  led.o(.text)
    Toggle                                   0x00002403   Thumb Code    22  led.o(.text)
    E2PROM_WriteSeq                          0x00002421   Thumb Code    44  24lc02.o(.text)
    E2PROM_ReadSeq                           0x0000244d   Thumb Code    52  24lc02.o(.text)
    I2C_GetI2CStatus                         0x00002481   Thumb Code     8  lpc1768_i2c.o(.text)
    I2C_ReadFlag                             0x00002489   Thumb Code    10  lpc1768_i2c.o(.text)
    I2C_SetFlag                              0x00002493   Thumb Code     6  lpc1768_i2c.o(.text)
    I2C_ClearFlag                            0x00002499   Thumb Code     6  lpc1768_i2c.o(.text)
    I2C_SendByte                             0x0000249f   Thumb Code     6  lpc1768_i2c.o(.text)
    I2C_GetByte                              0x000024a5   Thumb Code     8  lpc1768_i2c.o(.text)
    I2C0_SetClock                            0x000024ad   Thumb Code    26  lpc1768_i2c.o(.text)
    I2C_DeInit                               0x000024c7   Thumb Code     2  lpc1768_i2c.o(.text)
    I2C0_Init                                0x000024c9   Thumb Code   146  lpc1768_i2c.o(.text)
    I2C_MonitorGetDatabuffer                 0x0000255b   Thumb Code     8  lpc1768_i2c.o(.text)
    I2C0_IRQHandler                          0x00002563   Thumb Code   422  lpc1768_i2c.o(.text)
    I2C0_ReadWrite                           0x00002709   Thumb Code    54  lpc1768_i2c.o(.text)
    RTC_Start                                0x00002775   Thumb Code    18  lpc1768_rtc.o(.text)
    RTC_Init                                 0x00002787   Thumb Code    96  lpc1768_rtc.o(.text)
    RTC_Stop                                 0x000027e7   Thumb Code    14  lpc1768_rtc.o(.text)
    RTC_GetTime                              0x000027f5   Thumb Code    72  lpc1768_rtc.o(.text)
    RTC_IRQHandler                           0x0000283d   Thumb Code    54  lpc1768_rtc.o(.text)
    yearday                                  0x00002873   Thumb Code    70  lpc1768_rtc.o(.text)
    weekday                                  0x000028b9   Thumb Code    84  lpc1768_rtc.o(.text)
    RTC_SetTime                              0x0000290d   Thumb Code    74  lpc1768_rtc.o(.text)
    Timer_Init                               0x00002993   Thumb Code    72  lpc1768_timer.o(.text)
    DelayMs                                  0x000029db   Thumb Code    22  lpc1768_timer.o(.text)
    TIMER0_IRQHandler                        0x000029f1   Thumb Code    28  lpc1768_timer.o(.text)
    __aeabi_uldivmod                         0x00002a19   Thumb Code     0  lludivv7m.o(.text)
    _ll_udiv                                 0x00002a19   Thumb Code   238  lludivv7m.o(.text)
    _printf_pre_padding                      0x00002b07   Thumb Code    46  _printf_pad.o(.text)
    _printf_post_padding                     0x00002b35   Thumb Code    36  _printf_pad.o(.text)
    _printf_int_dec                          0x00002b59   Thumb Code   102  _printf_dec.o(.text)
    __printf                                 0x00002bd1   Thumb Code   310  __printf_flags_wp.o(.text)
    __0sscanf                                0x00002d0d   Thumb Code    52  __0sscanf.o(.text)
    _scanf_int                               0x00002d49   Thumb Code   336  _scanf_int.o(.text)
    __aeabi_memcpy                           0x00002e99   Thumb Code     0  rt_memcpy_v6.o(.text)
    __rt_memcpy                              0x00002e99   Thumb Code   138  rt_memcpy_v6.o(.text)
    _memcpy_lastbytes                        0x00002eff   Thumb Code     0  rt_memcpy_v6.o(.text)
    __aeabi_memcpy4                          0x00002f23   Thumb Code     0  rt_memcpy_w.o(.text)
    __aeabi_memcpy8                          0x00002f23   Thumb Code     0  rt_memcpy_w.o(.text)
    __rt_memcpy_w                            0x00002f23   Thumb Code   100  rt_memcpy_w.o(.text)
    _memcpy_lastbytes_aligned                0x00002f6b   Thumb Code     0  rt_memcpy_w.o(.text)
    strcmp                                   0x00002f89   Thumb Code   128  strcmpv7m.o(.text)
    __use_two_region_memory                  0x00003009   Thumb Code     2  heapauxi.o(.text)
    __rt_heap_escrow$2region                 0x0000300b   Thumb Code     2  heapauxi.o(.text)
    __rt_heap_expand$2region                 0x0000300d   Thumb Code     2  heapauxi.o(.text)
    _printf_int_common                       0x0000300f   Thumb Code   184  _printf_intcommon.o(.text)
    _printf_char_common                      0x000030d3   Thumb Code    32  _printf_char_common.o(.text)
    _sputc                                   0x000030f9   Thumb Code    10  _sputc.o(.text)
    _chval                                   0x00003103   Thumb Code    28  _chval.o(.text)
    __vfscanf_char                           0x0000312d   Thumb Code    26  scanf_char.o(.text)
    _sgetc                                   0x00003151   Thumb Code    30  _sgetc.o(.text)
    _sbackspace                              0x0000316f   Thumb Code    34  _sgetc.o(.text)
    __user_libspace                          0x00003191   Thumb Code     8  libspace.o(.text)
    __user_perproc_libspace                  0x00003191   Thumb Code     0  libspace.o(.text)
    __user_perthread_libspace                0x00003191   Thumb Code     0  libspace.o(.text)
    __rt_ctype_table                         0x00003199   Thumb Code    16  rt_ctype_table.o(.text)
    isspace                                  0x000031a9   Thumb Code    18  isspace.o(.text)
    __vfscanf                                0x000031bd   Thumb Code   882  _scanf.o(.text)
    __user_setup_stackheap                   0x00003535   Thumb Code    74  sys_stackheap_outer.o(.text)
    __rt_locale                              0x00003581   Thumb Code     8  rt_locale_intlibspace.o(.text)
    exit                                     0x00003589   Thumb Code    12  exit.o(.text)
    _sys_exit                                0x00003595   Thumb Code     8  sys_exit.o(.text)
    __rt_fp_status_addr                      0x000035a1   Thumb Code     8  rt_fp_status_addr_intlibspace.o(.text)
    __I$use$semihosting                      0x000035a9   Thumb Code     0  use_no_semi.o(.text)
    __use_no_semihosting_swi                 0x000035a9   Thumb Code     2  use_no_semi.o(.text)
    __semihosting_library_function           0x000035ab   Thumb Code     0  indicate_semi.o(.text)
    _is_digit                                0x000035ab   Thumb Code    14  __printf_wp.o(i._is_digit)
    _get_lc_ctype                            0x000035b9   Thumb Code    44  lc_ctype_c.o(locale$$code)
    _fp_init                                 0x000035e5   Thumb Code    14  fpinit.o(x$fpl$fpinit)
    __fplib_config_pureend_doubles           0x000035f1   Thumb Code     0  fpinit.o(x$fpl$fpinit)
    fonts                                    0x0000360c   Data         665  lcd.o(.constdata)
    Font_24x16                               0x000038a6   Data        5376  lcd.o(.constdata)
    Region$$Table$$Base                      0x00004dbc   Number         0  anon$$obj.o(Region$$Table)
    Region$$Table$$Limit                     0x00004ddc   Number         0  anon$$obj.o(Region$$Table)
    __ctype                                  0x00004de9   Data           0  lc_ctype_c.o(locale$$data)
    YEAR                                     0x10000000   Data           4  date.o(.data)
    MON                                      0x10000004   Data           4  date.o(.data)
    DAY                                      0x10000008   Data           4  date.o(.data)
    YEARS                                    0x1000000c   Data           4  home.o(.data)
    MONS                                     0x10000010   Data           4  home.o(.data)
    X                                        0x10000014   Data           2  main.o(.data)
    Y                                        0x10000016   Data           2  main.o(.data)
    XL                                       0x10000018   Data           2  main.o(.data)
    YL                                       0x1000001a   Data           2  main.o(.data)
    LOCATION                                 0x1000001c   Data           4  main.o(.data)
    DOCK                                     0x10000020   Data           4  main.o(.data)
    HOUR                                     0x10000028   Data           4  time.o(.data)
    MIN                                      0x1000002c   Data           4  time.o(.data)
    SEC                                      0x10000030   Data           4  time.o(.data)
    SystemCoreClock                          0x10000034   Data           4  system_lpc17xx.o(.data)
    oldcb                                    0x1000003c   Data           4  joystick.o(.data)
    status                                   0x10000040   Data           1  joystick.o(.data)
    Key                                      0x10000041   Data           3  joystick.o(.data)
    TextColor                                0x10000048   Data           2  lcd.o(.data)
    BackColor                                0x1000004a   Data           2  lcd.o(.data)
    I2CMasterState                           0x10000050   Data           4  lpc1768_i2c.o(.data)
    RdIndex                                  0x10000054   Data           4  lpc1768_i2c.o(.data)
    WrIndex                                  0x10000058   Data           4  lpc1768_i2c.o(.data)
    pI2CMasterBuffer                         0x1000005c   Data           4  lpc1768_i2c.o(.data)
    pI2CSlaveBuffer                          0x10000060   Data           4  lpc1768_i2c.o(.data)
    I2CReadLength                            0x10000064   Data           4  lpc1768_i2c.o(.data)
    I2CWriteLength                           0x10000068   Data           4  lpc1768_i2c.o(.data)
    Alarm_Ring                               0x1000006c   Data           4  lpc1768_rtc.o(.data)
    SecondInt                                0x10000070   Data           4  lpc1768_rtc.o(.data)
    DelayCounter                             0x10000074   Data           4  lpc1768_timer.o(.data)
    pTimer0Callback                          0x10000078   Data           4  lpc1768_timer.o(.data)
    __libspace_start                         0x1000007c   Data          96  libspace.o(.bss)
    __temporary_stack_top$libspace           0x100000dc   Data           0  libspace.o(.bss)



==============================================================================

Memory Map of the image

  Image Entry point : 0x000000cd

  Load Region LR_IROM1 (Base: 0x00000000, Size: 0x00004f68, Max: 0x00080000, ABSOLUTE)

    Execution Region ER_IROM1 (Base: 0x00000000, Size: 0x00004eec, Max: 0x00080000, ABSOLUTE)

    Base Addr    Size         Type   Attr      Idx    E Section Name        Object

    0x00000000   0x000000cc   Data   RO            3    RESET               startup_lpc17xx.o
    0x000000cc   0x00000008   Code   RO          569  * !!!main             c_w.l(__main.o)
    0x000000d4   0x00000034   Code   RO          780    !!!scatter          c_w.l(__scatter.o)
    0x00000108   0x0000001a   Code   RO          782    !!handler_copy      c_w.l(__scatter_copy.o)
    0x00000122   0x00000002   PAD
    0x00000124   0x0000001c   Code   RO          784    !!handler_zi        c_w.l(__scatter_zi.o)
    0x00000140   0x00000000   Code   RO          551    .ARM.Collect$$_printf_percent$$00000000  c_w.l(_printf_percent.o)
    0x00000140   0x00000006   Code   RO          550    .ARM.Collect$$_printf_percent$$00000009  c_w.l(_printf_d.o)
    0x00000146   0x00000004   Code   RO          587    .ARM.Collect$$_printf_percent$$00000017  c_w.l(_printf_percent_end.o)
    0x0000014a   0x00000006   Code   RO          653    .ARM.Collect$$libinit$$00000000  c_w.l(libinit.o)
    0x00000150   0x00000000   Code   RO          664    .ARM.Collect$$libinit$$00000006  c_w.l(libinit2.o)
    0x00000150   0x00000000   Code   RO          666    .ARM.Collect$$libinit$$00000008  c_w.l(libinit2.o)
    0x00000150   0x00000000   Code   RO          668    .ARM.Collect$$libinit$$0000000A  c_w.l(libinit2.o)
    0x00000150   0x00000006   Code   RO          669    .ARM.Collect$$libinit$$0000000B  c_w.l(libinit2.o)
    0x00000156   0x00000000   Code   RO          671    .ARM.Collect$$libinit$$0000000D  c_w.l(libinit2.o)
    0x00000156   0x0000000c   Code   RO          672    .ARM.Collect$$libinit$$0000000E  c_w.l(libinit2.o)
    0x00000162   0x00000000   Code   RO          673    .ARM.Collect$$libinit$$0000000F  c_w.l(libinit2.o)
    0x00000162   0x00000000   Code   RO          675    .ARM.Collect$$libinit$$00000011  c_w.l(libinit2.o)
    0x00000162   0x00000000   Code   RO          677    .ARM.Collect$$libinit$$00000013  c_w.l(libinit2.o)
    0x00000162   0x00000000   Code   RO          679    .ARM.Collect$$libinit$$00000015  c_w.l(libinit2.o)
    0x00000162   0x00000000   Code   RO          681    .ARM.Collect$$libinit$$00000017  c_w.l(libinit2.o)
    0x00000162   0x00000000   Code   RO          683    .ARM.Collect$$libinit$$00000019  c_w.l(libinit2.o)
    0x00000162   0x00000000   Code   RO          685    .ARM.Collect$$libinit$$0000001B  c_w.l(libinit2.o)
    0x00000162   0x00000000   Code   RO          687    .ARM.Collect$$libinit$$0000001D  c_w.l(libinit2.o)
    0x00000162   0x00000000   Code   RO          689    .ARM.Collect$$libinit$$0000001F  c_w.l(libinit2.o)
    0x00000162   0x00000000   Code   RO          691    .ARM.Collect$$libinit$$00000021  c_w.l(libinit2.o)
    0x00000162   0x00000000   Code   RO          695    .ARM.Collect$$libinit$$00000028  c_w.l(libinit2.o)
    0x00000162   0x00000000   Code   RO          697    .ARM.Collect$$libinit$$0000002A  c_w.l(libinit2.o)
    0x00000162   0x00000000   Code   RO          699    .ARM.Collect$$libinit$$0000002C  c_w.l(libinit2.o)
    0x00000162   0x00000000   Code   RO          701    .ARM.Collect$$libinit$$0000002E  c_w.l(libinit2.o)
    0x00000162   0x00000002   Code   RO          702    .ARM.Collect$$libinit$$0000002F  c_w.l(libinit2.o)
    0x00000164   0x00000002   Code   RO          738    .ARM.Collect$$libshutdown$$00000000  c_w.l(libshutdown.o)
    0x00000166   0x00000000   Code   RO          765    .ARM.Collect$$libshutdown$$00000003  c_w.l(libshutdown2.o)
    0x00000166   0x00000000   Code   RO          768    .ARM.Collect$$libshutdown$$00000006  c_w.l(libshutdown2.o)
    0x00000166   0x00000000   Code   RO          771    .ARM.Collect$$libshutdown$$00000009  c_w.l(libshutdown2.o)
    0x00000166   0x00000000   Code   RO          773    .ARM.Collect$$libshutdown$$0000000B  c_w.l(libshutdown2.o)
    0x00000166   0x00000000   Code   RO          776    .ARM.Collect$$libshutdown$$0000000E  c_w.l(libshutdown2.o)
    0x00000166   0x00000002   Code   RO          777    .ARM.Collect$$libshutdown$$0000000F  c_w.l(libshutdown2.o)
    0x00000168   0x00000000   Code   RO          571    .ARM.Collect$$rtentry$$00000000  c_w.l(rtentry.o)
    0x00000168   0x00000000   Code   RO          602    .ARM.Collect$$rtentry$$00000002  c_w.l(rtentry2.o)
    0x00000168   0x00000006   Code   RO          614    .ARM.Collect$$rtentry$$00000004  c_w.l(rtentry4.o)
    0x0000016e   0x00000000   Code   RO          604    .ARM.Collect$$rtentry$$00000009  c_w.l(rtentry2.o)
    0x0000016e   0x00000004   Code   RO          605    .ARM.Collect$$rtentry$$0000000A  c_w.l(rtentry2.o)
    0x00000172   0x00000000   Code   RO          607    .ARM.Collect$$rtentry$$0000000C  c_w.l(rtentry2.o)
    0x00000172   0x00000008   Code   RO          608    .ARM.Collect$$rtentry$$0000000D  c_w.l(rtentry2.o)
    0x0000017a   0x00000002   Code   RO          654    .ARM.Collect$$rtexit$$00000000  c_w.l(rtexit.o)
    0x0000017c   0x00000000   Code   RO          708    .ARM.Collect$$rtexit$$00000002  c_w.l(rtexit2.o)
    0x0000017c   0x00000004   Code   RO          709    .ARM.Collect$$rtexit$$00000003  c_w.l(rtexit2.o)
    0x00000180   0x00000006   Code   RO          710    .ARM.Collect$$rtexit$$00000004  c_w.l(rtexit2.o)
    0x00000186   0x00000002   PAD
    0x00000188   0x0000003c   Code   RO            5    .text               startup_lpc17xx.o
    0x000001c4   0x00000110   Code   RO           14    .text               always.o
    0x000002d4   0x00000028   Code   RO          522    .text               c_w.l(noretval__2sprintf.o)
    0x000002fc   0x00000004   Code   RO            4    .ARM.__at_0x02FC    startup_lpc17xx.o
    0x00000300   0x0000051c   Code   RO           58    .text               date.o
    0x0000081c   0x00000580   Code   RO          101    .text               home.o
    0x00000d9c   0x000001f0   Code   RO          122    .text               main.o
    0x00000f8c   0x00000338   Code   RO          150    .text               more.o
    0x000012c4   0x00000144   Code   RO          169    .text               other.o
    0x00001408   0x00000430   Code   RO          185    .text               time.o
    0x00001838   0x00000304   Code   RO          211    .text               system_lpc17xx.o
    0x00001b3c   0x0000005c   Code   RO          240    .text               bsp_config.o
    0x00001b98   0x00000170   Code   RO          256    .text               joystick.o
    0x00001d08   0x00000154   Code   RO          275    .text               key.o
    0x00001e5c   0x00000568   Code   RO          302    .text               lcd.o
    0x000023c4   0x0000005c   Code   RO          331    .text               led.o
    0x00002420   0x00000060   Code   RO          347    .text               24lc02.o
    0x00002480   0x000002f4   Code   RO          394    .text               lpc1768_i2c.o
    0x00002774   0x0000021c   Code   RO          417    .text               lpc1768_rtc.o
    0x00002990   0x00000088   Code   RO          447    .text               lpc1768_timer.o
    0x00002a18   0x000000ee   Code   RO          514    .text               c_w.l(lludivv7m.o)
    0x00002b06   0x00000052   Code   RO          526    .text               c_w.l(_printf_pad.o)
    0x00002b58   0x00000078   Code   RO          528    .text               c_w.l(_printf_dec.o)
    0x00002bd0   0x0000013c   Code   RO          542    .text               c_w.l(__printf_flags_wp.o)
    0x00002d0c   0x0000003c   Code   RO          552    .text               c_w.l(__0sscanf.o)
    0x00002d48   0x00000150   Code   RO          554    .text               c_w.l(_scanf_int.o)
    0x00002e98   0x0000008a   Code   RO          561    .text               c_w.l(rt_memcpy_v6.o)
    0x00002f22   0x00000064   Code   RO          563    .text               c_w.l(rt_memcpy_w.o)
    0x00002f86   0x00000002   PAD
    0x00002f88   0x00000080   Code   RO          565    .text               c_w.l(strcmpv7m.o)
    0x00003008   0x00000006   Code   RO          567    .text               c_w.l(heapauxi.o)
    0x0000300e   0x000000b8   Code   RO          581    .text               c_w.l(_printf_intcommon.o)
    0x000030c6   0x00000002   PAD
    0x000030c8   0x00000030   Code   RO          583    .text               c_w.l(_printf_char_common.o)
    0x000030f8   0x0000000a   Code   RO          585    .text               c_w.l(_sputc.o)
    0x00003102   0x0000001c   Code   RO          588    .text               c_w.l(_chval.o)
    0x0000311e   0x00000002   PAD
    0x00003120   0x00000030   Code   RO          590    .text               c_w.l(scanf_char.o)
    0x00003150   0x00000040   Code   RO          592    .text               c_w.l(_sgetc.o)
    0x00003190   0x00000008   Code   RO          598    .text               c_w.l(libspace.o)
    0x00003198   0x00000010   Code   RO          616    .text               c_w.l(rt_ctype_table.o)
    0x000031a8   0x00000012   Code   RO          620    .text               c_w.l(isspace.o)
    0x000031ba   0x00000002   PAD
    0x000031bc   0x00000378   Code   RO          624    .text               c_w.l(_scanf.o)
    0x00003534   0x0000004a   Code   RO          632    .text               c_w.l(sys_stackheap_outer.o)
    0x0000357e   0x00000002   PAD
    0x00003580   0x00000008   Code   RO          637    .text               c_w.l(rt_locale_intlibspace.o)
    0x00003588   0x0000000c   Code   RO          642    .text               c_w.l(exit.o)
    0x00003594   0x0000000c   Code   RO          705    .text               c_w.l(sys_exit.o)
    0x000035a0   0x00000008   Code   RO          717    .text               c_w.l(rt_fp_status_addr_intlibspace.o)
    0x000035a8   0x00000002   Code   RO          727    .text               c_w.l(use_no_semi.o)
    0x000035aa   0x00000000   Code   RO          729    .text               c_w.l(indicate_semi.o)
    0x000035aa   0x0000000e   Code   RO          540    i._is_digit         c_w.l(__printf_wp.o)
    0x000035b8   0x0000002c   Code   RO          640    locale$$code        c_w.l(lc_ctype_c.o)
    0x000035e4   0x0000000e   Code   RO          703    x$fpl$fpinit        fz_ws.l(fpinit.o)
    0x000035f2   0x00000002   PAD
    0x000035f4   0x00000018   Data   RO          102    .constdata          home.o
    0x0000360c   0x0000179a   Data   RO          303    .constdata          lcd.o
    0x00004da6   0x00000011   Data   RO          543    .constdata          c_w.l(__printf_flags_wp.o)
    0x00004db7   0x00000005   Data   RO          123    .conststring        main.o
    0x00004dbc   0x00000020   Data   RO          778    Region$$Table       anon$$obj.o
    0x00004ddc   0x00000110   Data   RO          639    locale$$data        c_w.l(lc_ctype_c.o)


    Execution Region RW_IRAM1 (Base: 0x10000000, Size: 0x000002e0, Max: 0x00008000, ABSOLUTE)

    Base Addr    Size         Type   Attr      Idx    E Section Name        Object

    0x10000000   0x0000000c   Data   RW           59    .data               date.o
    0x1000000c   0x00000008   Data   RW          103    .data               home.o
    0x10000014   0x00000010   Data   RW          124    .data               main.o
    0x10000024   0x00000001   Data   RW          151    .data               more.o
    0x10000025   0x00000003   PAD
    0x10000028   0x0000000c   Data   RW          186    .data               time.o
    0x10000034   0x00000004   Data   RW          212    .data               system_lpc17xx.o
    0x10000038   0x0000000c   Data   RW          257    .data               joystick.o
    0x10000044   0x00000003   Data   RW          276    .data               key.o
    0x10000047   0x00000001   PAD
    0x10000048   0x00000006   Data   RW          304    .data               lcd.o
    0x1000004e   0x00000002   PAD
    0x10000050   0x0000001c   Data   RW          395    .data               lpc1768_i2c.o
    0x1000006c   0x00000008   Data   RW          418    .data               lpc1768_rtc.o
    0x10000074   0x00000008   Data   RW          448    .data               lpc1768_timer.o
    0x1000007c   0x00000060   Zero   RW          599    .bss                c_w.l(libspace.o)
    0x100000dc   0x00000004   PAD
    0x100000e0   0x00000000   Zero   RW            2    HEAP                startup_lpc17xx.o
    0x100000e0   0x00000200   Zero   RW            1    STACK               startup_lpc17xx.o


==============================================================================

Image component sizes


      Code (inc. data)   RO Data    RW Data    ZI Data      Debug   Object Name

        96          0          0          0          0       1213   24lc02.o
       272         62          0          0          0      21665   always.o
        92          4          0          0          0        716   bsp_config.o
      1308        154          0         12          0       7484   date.o
      1408        270         24          8          0       2969   home.o
       368         40          0         12          0       1704   joystick.o
       340         32          0          3          0      17280   key.o
      1384         30       6042          6          0       8800   lcd.o
        92          8          0          0          0        955   led.o
       756         66          0         28          0      19860   lpc1768_i2c.o
       540         58          0          8          0      20023   lpc1768_rtc.o
       136         12          0          8          0       1826   lpc1768_timer.o
       496        106          5         16          0       1752   main.o
       824        184          0          1          0       1076   more.o
       324         16          0          0          0       1176   other.o
        64         26        204          0        512       1012   startup_lpc17xx.o
       772         76          0          4          0      18097   system_lpc17xx.o
      1072        106          0         12          0       2081   time.o

    ----------------------------------------------------------------------
     10344       1250       6307        124        512     129689   Object Totals
         0          0         32          0          0          0   (incl. Generated)
         0          0          0          6          0          0   (incl. Padding)

    ----------------------------------------------------------------------

      Code (inc. data)   RO Data    RW Data    ZI Data      Debug   Library Member Name

        60          8          0          0          0         84   __0sscanf.o
         8          0          0          0          0         68   __main.o
       316          6         17          0          0         92   __printf_flags_wp.o
        14          0          0          0          0         68   __printf_wp.o
        52          8          0          0          0          0   __scatter.o
        26          0          0          0          0          0   __scatter_copy.o
        28          0          0          0          0          0   __scatter_zi.o
        28          0          0          0          0         68   _chval.o
        48          6          0          0          0         96   _printf_char_common.o
         6          0          0          0          0          0   _printf_d.o
       120         18          0          0          0         92   _printf_dec.o
       184          0          0          0          0         88   _printf_intcommon.o
        82          0          0          0          0        108   _printf_pad.o
         0          0          0          0          0          0   _printf_percent.o
         4          0          0          0          0          0   _printf_percent_end.o
       888          6          0          0          0        100   _scanf.o
       336          0          0          0          0         96   _scanf_int.o
        64          0          0          0          0         84   _sgetc.o
        10          0          0          0          0         68   _sputc.o
        12          0          0          0          0         72   exit.o
         6          0          0          0          0        152   heapauxi.o
         0          0          0          0          0          0   indicate_semi.o
        18          0          0          0          0         76   isspace.o
        44         10        272          0          0         76   lc_ctype_c.o
         6          0          0          0          0          0   libinit.o
        20          0          0          0          0          0   libinit2.o
         2          0          0          0          0          0   libshutdown.o
         2          0          0          0          0          0   libshutdown2.o
         8          4          0          0         96         68   libspace.o
       238          0          0          0          0        100   lludivv7m.o
        40          6          0          0          0         84   noretval__2sprintf.o
        16          4          0          0          0         76   rt_ctype_table.o
         8          4          0          0          0         68   rt_fp_status_addr_intlibspace.o
         8          4          0          0          0         68   rt_locale_intlibspace.o
       138          0          0          0          0         68   rt_memcpy_v6.o
       100          0          0          0          0         80   rt_memcpy_w.o
         0          0          0          0          0          0   rtentry.o
        12          0          0          0          0          0   rtentry2.o
         6          0          0          0          0          0   rtentry4.o
         2          0          0          0          0          0   rtexit.o
        10          0          0          0          0          0   rtexit2.o
        48         10          0          0          0         84   scanf_char.o
       128          0          0          0          0         68   strcmpv7m.o
        12          4          0          0          0         68   sys_exit.o
        74          0          0          0          0         80   sys_stackheap_outer.o
         2          0          0          0          0         68   use_no_semi.o
        14          0          0          0          0         76   fpinit.o

    ----------------------------------------------------------------------
      3264         98        289          0        100       2544   Library Totals
        16          0          0          0          4          0   (incl. Padding)

    ----------------------------------------------------------------------

      Code (inc. data)   RO Data    RW Data    ZI Data      Debug   Library Name

      3234         98        289          0         96       2468   c_w.l
        14          0          0          0          0         76   fz_ws.l

    ----------------------------------------------------------------------
      3264         98        289          0        100       2544   Library Totals

    ----------------------------------------------------------------------

==============================================================================


      Code (inc. data)   RO Data    RW Data    ZI Data      Debug   

     13608       1348       6596        124        612     129321   Grand Totals
     13608       1348       6596        124        612     129321   ELF Image Totals
     13608       1348       6596        124          0          0   ROM Totals

==============================================================================

    Total RO  Size (Code + RO Data)                20204 (  19.73kB)
    Total RW  Size (RW Data + ZI Data)               736 (   0.72kB)
    Total ROM Size (Code + RO Data + RW Data)      20328 (  19.85kB)

==============================================================================

